Component: ARM Compiler 5.06 update 6 (build 750) Tool: armlink [4d35ed]

==============================================================================

Section Cross References

    main.o(.text) refers to _printf_percent.o(.ARM.Collect$$_printf_percent$$00000000) for _printf_percent
    main.o(.text) refers to _printf_d.o(.ARM.Collect$$_printf_percent$$00000009) for _printf_d
    main.o(.text) refers to _printf_dec.o(.text) for _printf_int_dec
    main.o(.text) refers to delay.o(.text) for delay_init
    main.o(.text) refers to misc.o(.text) for NVIC_PriorityGroupConfig
    main.o(.text) refers to usart.o(.text) for uart_init
    main.o(.text) refers to led.o(.text) for LED_Init
    main.o(.text) refers to key.o(.text) for KEY_Init
    main.o(.text) refers to exti.o(.text) for EXTIX_Init
    main.o(.text) refers to malloc.o(.text) for my_mem_init
    main.o(.text) refers to noretval__2printf.o(.text) for __2printf
    main.o(.text) refers to sdio_sdcard.o(.text) for SD_Init
    main.o(.text) refers to exfuns.o(.text) for exfuns_init
    main.o(.text) refers to ff.o(.text) for f_mount
    main.o(.text) refers to exfuns.o(.data) for fs
    main.o(.text) refers to main.o(.bss) for fnew
    main.o(.text) refers to main.o(.data) for res_flash
    main.o(.text) refers to key.o(.data) for key0_flag
    main.o(.text) refers to usart.o(.data) for write_slow_flag
    main.o(.text) refers to usart.o(.bss) for USART_RX_BUF2
    system_stm32f10x.o(.text) refers to system_stm32f10x.o(.data) for SystemCoreClock
    led.o(.text) refers to stm32f10x_rcc.o(.text) for RCC_APB2PeriphClockCmd
    led.o(.text) refers to stm32f10x_gpio.o(.text) for GPIO_Init
    key.o(.text) refers to stm32f10x_rcc.o(.text) for RCC_APB2PeriphClockCmd
    key.o(.text) refers to stm32f10x_gpio.o(.text) for GPIO_Init
    key.o(.text) refers to delay.o(.text) for delay_ms
    key.o(.text) refers to key.o(.data) for key_up
    sdio_sdcard.o(.text) refers to stm32f10x_sdio.o(.text) for SDIO_GetFlagStatus
    sdio_sdcard.o(.text) refers to sdio_sdcard.o(.data) for DeviceMode
    sdio_sdcard.o(.text) refers to sdio_sdcard.o(.bss) for SDIO_CmdInitStructure
    sdio_sdcard.o(.text) refers to stm32f10x_rcc.o(.text) for RCC_APB2PeriphClockCmd
    sdio_sdcard.o(.text) refers to stm32f10x_gpio.o(.text) for GPIO_Init
    sdio_sdcard.o(.text) refers to misc.o(.text) for NVIC_Init
    sdio_sdcard.o(.text) refers to stm32f10x_dma.o(.text) for DMA_DeInit
    sdio_sdcard.o(.text) refers to sys.o(.text) for INTX_DISABLE
    sdio_sdcard.o(.text) refers to rt_memcpy_v6.o(.text) for __aeabi_memcpy
    exti.o(.text) refers to key.o(.text) for KEY_Init
    exti.o(.text) refers to stm32f10x_rcc.o(.text) for RCC_APB2PeriphClockCmd
    exti.o(.text) refers to stm32f10x_gpio.o(.text) for GPIO_EXTILineConfig
    exti.o(.text) refers to stm32f10x_exti.o(.text) for EXTI_Init
    exti.o(.text) refers to misc.o(.text) for NVIC_Init
    exti.o(.text) refers to delay.o(.text) for delay_ms
    exti.o(.text) refers to key.o(.data) for key0_flag
    delay.o(.text) refers to misc.o(.text) for SysTick_CLKSourceConfig
    delay.o(.text) refers to system_stm32f10x.o(.data) for SystemCoreClock
    delay.o(.text) refers to delay.o(.data) for fac_us
    usart.o(.text) refers (Special) to use_no_semi_2.o(.text) for __use_no_semihosting
    usart.o(.text) refers to stm32f10x_rcc.o(.text) for RCC_APB2PeriphClockCmd
    usart.o(.text) refers to stm32f10x_gpio.o(.text) for GPIO_Init
    usart.o(.text) refers to misc.o(.text) for NVIC_Init
    usart.o(.text) refers to stm32f10x_usart.o(.text) for USART_Init
    usart.o(.text) refers to usart.o(.data) for witch_BUF
    usart.o(.text) refers to usart.o(.bss) for USART_RX_BUF2
    usart.o(.bss) refers (Special) to use_no_semi_2.o(.text) for __use_no_semihosting
    usart.o(.data) refers (Special) to use_no_semi_2.o(.text) for __use_no_semihosting
    startup_stm32f10x_hd.o(STACK) refers (Special) to heapauxi.o(.text) for __use_two_region_memory
    startup_stm32f10x_hd.o(HEAP) refers (Special) to heapauxi.o(.text) for __use_two_region_memory
    startup_stm32f10x_hd.o(RESET) refers (Special) to heapauxi.o(.text) for __use_two_region_memory
    startup_stm32f10x_hd.o(RESET) refers to startup_stm32f10x_hd.o(STACK) for __initial_sp
    startup_stm32f10x_hd.o(RESET) refers to startup_stm32f10x_hd.o(.text) for Reset_Handler
    startup_stm32f10x_hd.o(RESET) refers to stm32f10x_it.o(.text) for NMI_Handler
    startup_stm32f10x_hd.o(RESET) refers to exti.o(.text) for EXTI0_IRQHandler
    startup_stm32f10x_hd.o(RESET) refers to usart.o(.text) for USART1_IRQHandler
    startup_stm32f10x_hd.o(RESET) refers to sdio_sdcard.o(.text) for SDIO_IRQHandler
    startup_stm32f10x_hd.o(.text) refers (Special) to heapauxi.o(.text) for __use_two_region_memory
    startup_stm32f10x_hd.o(.text) refers to system_stm32f10x.o(.text) for SystemInit
    startup_stm32f10x_hd.o(.text) refers to __main.o(!!!main) for __main
[...]
    ../clib/angel/sys.s                      0x00000000   Number         0  sys_stackheap_outer.o ABSOLUTE
    ../clib/angel/sys.s                      0x00000000   Number         0  libspace.o ABSOLUTE
    ../clib/angel/sysapp.c                   0x00000000   Number         0  sys_wrch.o ABSOLUTE
    ../clib/angel/sysapp.c                   0x00000000   Number         0  sys_command.o ABSOLUTE
    ../clib/armsys.c                         0x00000000   Number         0  argv_veneer.o ABSOLUTE
    ../clib/armsys.c                         0x00000000   Number         0  no_argv.o ABSOLUTE
    ../clib/armsys.c                         0x00000000   Number         0  _get_argv_nomalloc.o ABSOLUTE
    ../clib/armsys.c                         0x00000000   Number         0  argv_veneer.o ABSOLUTE
    ../clib/heapalloc.c                      0x00000000   Number         0  hrguard.o ABSOLUTE
    ../clib/heapaux.c                        0x00000000   Number         0  heapauxi.o ABSOLUTE
    ../clib/libinit.s                        0x00000000   Number         0  libshutdown2.o ABSOLUTE
    ../clib/libinit.s                        0x00000000   Number         0  libinit.o ABSOLUTE
    ../clib/libinit.s                        0x00000000   Number         0  libshutdown.o ABSOLUTE
    ../clib/libinit.s                        0x00000000   Number         0  libinit2.o ABSOLUTE
    ../clib/longlong.s                       0x00000000   Number         0  llsdiv.o ABSOLUTE
    ../clib/longlong.s                       0x00000000   Number         0  lludivv7m.o ABSOLUTE
    ../clib/memcpset.s                       0x00000000   Number         0  rt_memcpy_w.o ABSOLUTE
    ../clib/memcpset.s                       0x00000000   Number         0  strcmpv7m.o ABSOLUTE
    ../clib/memcpset.s                       0x00000000   Number         0  rt_memcpy_v6.o ABSOLUTE
    ../clib/printf.c                         0x00000000   Number         0  _printf_dec.o ABSOLUTE
    ../clib/printf.c                         0x00000000   Number         0  _printf_str.o ABSOLUTE
    ../clib/printf.c                         0x00000000   Number         0  _printf_hex_ptr.o ABSOLUTE
    ../clib/printf.c                         0x00000000   Number         0  _printf_hex_ll.o ABSOLUTE
    ../clib/printf.c                         0x00000000   Number         0  __printf.o ABSOLUTE
    ../clib/printf.c                         0x00000000   Number         0  _printf_hex_int_ptr.o ABSOLUTE
    ../clib/printf.c                         0x00000000   Number         0  noretval__2printf.o ABSOLUTE
    ../clib/printf.c                         0x00000000   Number         0  _printf_intcommon.o ABSOLUTE
    ../clib/printf.c                         0x00000000   Number         0  __2printf.o ABSOLUTE
    ../clib/printf.c                         0x00000000   Number         0  _printf_hex_ll_ptr.o ABSOLUTE
    ../clib/printf.c                         0x00000000   Number         0  _printf_hex_int_ll_ptr.o ABSOLUTE
    ../clib/printf.c                         0x00000000   Number         0  _printf_char_common.o ABSOLUTE
    ../clib/printf.c                         0x00000000   Number         0  __printf_ss.o ABSOLUTE
    ../clib/printf.c                         0x00000000   Number         0  __printf_flags_ss.o ABSOLUTE
    ../clib/printf.c                         0x00000000   Number         0  _printf_char_file.o ABSOLUTE
    ../clib/printf.c                         0x00000000   Number         0  _printf_char.o ABSOLUTE
    ../clib/printf.c                         0x00000000   Number         0  __printf_ss_wp.o ABSOLUTE
    ../clib/printf.c                         0x00000000   Number         0  __printf_flags_wp.o ABSOLUTE
    ../clib/printf.c                         0x00000000   Number         0  _printf_hex_int.o ABSOLUTE
    ../clib/printf.c                         0x00000000   Number         0  __printf_wp.o ABSOLUTE
    ../clib/printf.c                         0x00000000   Number         0  __printf_flags.o ABSOLUTE
    ../clib/printf.c                         0x00000000   Number         0  __printf_nopercent.o ABSOLUTE
    ../clib/printf.c                         0x00000000   Number         0  _printf_hex_int_ll.o ABSOLUTE
    ../clib/printf.c                         0x00000000   Number         0  __printf_flags_ss_wp.o ABSOLUTE
    ../clib/printf_percent.s                 0x00000000   Number         0  _printf_percent.o ABSOLUTE
    ../clib/printf_percent.s                 0x00000000   Number         0  _printf_d.o ABSOLUTE
    ../clib/printf_percent.s                 0x00000000   Number         0  _printf_x.o ABSOLUTE
    ../clib/printf_percent.s                 0x00000000   Number         0  _printf_s.o ABSOLUTE
    ../clib/printf_percent.s                 0x00000000   Number         0  _printf_c.o ABSOLUTE
    ../clib/printf_percent.s                 0x00000000   Number         0  _printf_percent_end.o ABSOLUTE
    ../clib/signal.c                         0x00000000   Number         0  defsig_other.o ABSOLUTE
    ../clib/signal.c                         0x00000000   Number         0  defsig_segv_inner.o ABSOLUTE
    ../clib/signal.c                         0x00000000   Number         0  defsig_cppl_inner.o ABSOLUTE
    ../clib/signal.c                         0x00000000   Number         0  defsig_pvfn_inner.o ABSOLUTE
    ../clib/signal.c                         0x00000000   Number         0  defsig_stak_inner.o ABSOLUTE
    ../clib/signal.c                         0x00000000   Number         0  defsig_rtmem_inner.o ABSOLUTE
    ../clib/signal.c                         0x00000000   Number         0  defsig_abrt_inner.o ABSOLUTE
    ../clib/signal.c                         0x00000000   Number         0  defsig_rtmem_formal.o ABSOLUTE
    ../clib/signal.c                         0x00000000   Number         0  defsig_rtmem_outer.o ABSOLUTE
    ../clib/signal.c                         0x00000000   Number         0  defsig_rtred_inner.o ABSOLUTE
    ../clib/signal.c                         0x00000000   Number         0  defsig_general.o ABSOLUTE
    ../clib/signal.c                         0x00000000   Number         0  __raise.o ABSOLUTE
    ../clib/signal.c                         0x00000000   Number         0  defsig_fpe_inner.o ABSOLUTE
    ../clib/signal.c                         0x00000000   Number         0  defsig_exit.o ABSOLUTE
    ../clib/signal.c                         0x00000000   Number         0  defsig_fpe_formal.o ABSOLUTE
    ../clib/signal.c                         0x00000000   Number         0  defsig_fpe_outer.o ABSOLUTE
    ../clib/signal.s                         0x00000000   Number         0  defsig.o ABSOLUTE
    ../clib/stdio.c                          0x00000000   Number         0  ferror_locked.o ABSOLUTE
    ../clib/stdio.c                          0x00000000   Number         0  ferror.o ABSOLUTE
    ../clib/stdlib.c                         0x00000000   Number         0  exit.o ABSOLUTE
    ../clib/string.c                         0x00000000   Number         0  strcpy.o ABSOLUTE
    ../fplib/fpinit.s                        0x00000000   Number         0  fpinit.o ABSOLUTE
    ..\CORE\core_cm3.c                       0x00000000   Number         0  core_cm3.o ABSOLUTE
    ..\CORE\startup_stm32f10x_hd.s           0x00000000   Number         0  startup_stm32f10x_hd.o ABSOLUTE
    ..\FATFS\exfuns\exfuns.c                 0x00000000   Number         0  exfuns.o ABSOLUTE
    ..\FATFS\exfuns\fattester.c              0x00000000   Number         0  fattester.o ABSOLUTE
    ..\FATFS\src\diskio.c                    0x00000000   Number         0  diskio.o ABSOLUTE
    ..\FATFS\src\ff.c                        0x00000000   Number         0  ff.o ABSOLUTE
    ..\FATFS\src\option\cc936.c              0x00000000   Number         0  cc936.o ABSOLUTE
    ..\HARDWARE\EXTI\exti.c                  0x00000000   Number         0  exti.o ABSOLUTE
    ..\HARDWARE\KEY\key.c                    0x00000000   Number         0  key.o ABSOLUTE
    ..\HARDWARE\LED\led.c                    0x00000000   Number         0  led.o ABSOLUTE
    ..\HARDWARE\SDIO\sdio_sdcard.c           0x00000000   Number         0  sdio_sdcard.o ABSOLUTE
    ..\MALLOC\malloc.c                       0x00000000   Number         0  malloc.o ABSOLUTE
    ..\STM32F10x_FWLib\src\misc.c            0x00000000   Number         0  misc.o ABSOLUTE
    ..\STM32F10x_FWLib\src\stm32f10x_dma.c   0x00000000   Number         0  stm32f10x_dma.o ABSOLUTE
    ..\STM32F10x_FWLib\src\stm32f10x_exti.c  0x00000000   Number         0  stm32f10x_exti.o ABSOLUTE
    ..\STM32F10x_FWLib\src\stm32f10x_fsmc.c  0x00000000   Number         0  stm32f10x_fsmc.o ABSOLUTE
    ..\STM32F10x_FWLib\src\stm32f10x_gpio.c  0x00000000   Number         0  stm32f10x_gpio.o ABSOLUTE
    ..\STM32F10x_FWLib\src\stm32f10x_rcc.c   0x00000000   Number         0  stm32f10x_rcc.o ABSOLUTE
    ..\STM32F10x_FWLib\src\stm32f10x_sdio.c  0x00000000   Number         0  stm32f10x_sdio.o ABSOLUTE
    ..\STM32F10x_FWLib\src\stm32f10x_tim.c   0x00000000   Number         0  stm32f10x_tim.o ABSOLUTE
    ..\STM32F10x_FWLib\src\stm32f10x_usart.c 0x00000000   Number         0  stm32f10x_usart.o ABSOLUTE
    ..\SYSTEM\delay\delay.c                  0x00000000   Number         0  delay.o ABSOLUTE
    ..\SYSTEM\sys\sys.c                      0x00000000   Number         0  sys.o ABSOLUTE
    ..\SYSTEM\usart\usart.c                  0x00000000   Number         0  usart.o ABSOLUTE
    ..\\CORE\\core_cm3.c                     0x00000000   Number         0  core_cm3.o ABSOLUTE
    ..\\SYSTEM\\sys\\sys.c                   0x00000000   Number         0  sys.o ABSOLUTE
    dc.s                                     0x00000000   Number         0  dc.o ABSOLUTE
    main.c                                   0x00000000   Number         0  main.o ABSOLUTE
    stm32f10x_it.c                           0x00000000   Number         0  stm32f10x_it.o ABSOLUTE
    system_stm32f10x.c                       0x00000000   Number         0  system_stm32f10x.o ABSOLUTE
    RESET                                    0x08000000   Section      304  startup_stm32f10x_hd.o(RESET)
    !!!main                                  0x08000130   Section        8  __main.o(!!!main)
    !!!scatter                               0x08000138   Section       52  __scatter.o(!!!scatter)
    !!handler_copy                           0x0800016c   Section       26  __scatter_copy.o(!!handler_copy)
    !!handler_zi                             0x08000188   Section       28  __scatter_zi.o(!!handler_zi)
    .ARM.Collect$$_printf_percent$$00000000  0x080001a4   Section        0  _printf_percent.o(.ARM.Collect$$_printf_percent$$00000000)
    .ARM.Collect$$_printf_percent$$00000009  0x080001a4   Section        6  _printf_d.o(.ARM.Collect$$_printf_percent$$00000009)
    .ARM.Collect$$_printf_percent$$00000017  0x080001aa   Section        4  _printf_percent_end.o(.ARM.Collect$$_printf_percent$$00000017)
    .ARM.Collect$$libinit$$00000000          0x080001ae   Section        2  libinit.o(.ARM.Collect$$libinit$$00000000)
    .ARM.Collect$$libinit$$00000002          0x080001b0   Section        0  libinit2.o(.ARM.Collect$$libinit$$00000002)
    .ARM.Collect$$libinit$$00000004          0x080001b0   Section        0  libinit2.o(.ARM.Collect$$libinit$$00000004)
    .ARM.Collect$$libinit$$0000000A          0x080001b0   Section        0  libinit2.o(.ARM.Collect$$libinit$$0000000A)
    .ARM.Collect$$libinit$$0000000C          0x080001b0   Section        0  libinit2.o(.ARM.Collect$$libinit$$0000000C)
    .ARM.Collect$$libinit$$0000000E          0x080001b0   Section        0  libinit2.o(.ARM.Collect$$libinit$$0000000E)
    .ARM.Collect$$libinit$$00000011          0x080001b0   Section        0  libinit2.o(.ARM.Collect$$libinit$$00000011)
    .ARM.Collect$$libinit$$00000013          0x080001b0   Section        0  libinit2.o(.ARM.Collect$$libinit$$00000013)
    .ARM.Collect$$libinit$$00000015          0x080001b0   Section        0  libinit2.o(.ARM.Collect$$libinit$$00000015)
    .ARM.Collect$$libinit$$00000017          0x080001b0   Section        0  libinit2.o(.ARM.Collect$$libinit$$00000017)
    .ARM.Collect$$libinit$$00000019          0x080001b0   Section        0  libinit2.o(.ARM.Collect$$libinit$$00000019)
    .ARM.Collect$$libinit$$0000001B          0x080001b0   Section        0  libinit2.o(.ARM.Collect$$libinit$$0000001B)
    .ARM.Collect$$libinit$$0000001D          0x080001b0   Section        0  libinit2.o(.ARM.Collect$$libinit$$0000001D)
    .ARM.Collect$$libinit$$0000001F          0x080001b0   Section        0  libinit2.o(.ARM.Collect$$libinit$$0000001F)
    .ARM.Collect$$libinit$$00000021          0x080001b0   Section        0  libinit2.o(.ARM.Collect$$libinit$$00000021)
    .ARM.Collect$$libinit$$00000023          0x080001b0   Section        0  libinit2.o(.ARM.Collect$$libinit$$00000023)
    .ARM.Collect$$libinit$$00000025          0x080001b0   Section        0  libinit2.o(.ARM.Collect$$libinit$$00000025)
    .ARM.Collect$$libinit$$0000002C          0x080001b0   Section        0  libinit2.o(.ARM.Collect$$libinit$$0000002C)
    .ARM.Collect$$libinit$$0000002E          0x080001b0   Section        0  libinit2.o(.ARM.Collect$$libinit$$0000002E)
    .ARM.Collect$$libinit$$00000030          0x080001b0   Section        0  libinit2.o(.ARM.Collect$$libinit$$00000030)
    .ARM.Collect$$libinit$$00000032          0x080001b0   Section        0  libinit2.o(.ARM.Collect$$libinit$$00000032)
    .ARM.Collect$$libinit$$00000033          0x080001b0   Section        2  libinit2.o(.ARM.Collect$$libinit$$00000033)
    .ARM.Collect$$libshutdown$$00000000      0x080001b2   Section        2  libshutdown.o(.ARM.Collect$$libshutdown$$00000000)
    .ARM.Collect$$libshutdown$$00000002      0x080001b4   Section        0  libshutdown2.o(.ARM.Collect$$libshutdown$$00000002)
    .ARM.Collect$$libshutdown$$00000004      0x080001b4   Section        0  libshutdown2.o(.ARM.Collect$$libshutdown$$00000004)
    .ARM.Collect$$libshutdown$$00000007      0x080001b4   Section        0  libshutdown2.o(.ARM.Collect$$libshutdown$$00000007)
    .ARM.Collect$$libshutdown$$0000000A      0x080001b4   Section        0  libshutdown2.o(.ARM.Collect$$libshutdown$$0000000A)
    .ARM.Collect$$libshutdown$$0000000C      0x080001b4   Section        0  libshutdown2.o(.ARM.Collect$$libshutdown$$0000000C)
    .ARM.Collect$$libshutdown$$0000000F      0x080001b4   Section        0  libshutdown2.o(.ARM.Collect$$libshutdown$$0000000F)
    .ARM.Collect$$libshutdown$$00000010      0x080001b4   Section        2  libshutdown2.o(.ARM.Collect$$libshutdown$$00000010)
    .ARM.Collect$$rtentry$$00000000          0x080001b6   Section        0  __rtentry.o(.ARM.Collect$$rtentry$$00000000)
    .ARM.Collect$$rtentry$$00000002          0x080001b6   Section        0  __rtentry2.o(.ARM.Collect$$rtentry$$00000002)
    .ARM.Collect$$rtentry$$00000004          0x080001b6   Section        6  __rtentry4.o(.ARM.Collect$$rtentry$$00000004)
    .ARM.Collect$$rtentry$$00000009          0x080001bc   Section        0  __rtentry2.o(.ARM.Collect$$rtentry$$00000009)
    .ARM.Collect$$rtentry$$0000000A          0x080001bc   Section        4  __rtentry2.o(.ARM.Collect$$rtentry$$0000000A)
    .ARM.Collect$$rtentry$$0000000C          0x080001c0   Section        0  __rtentry2.o(.ARM.Collect$$rtentry$$0000000C)
    .ARM.Collect$$rtentry$$0000000D          0x080001c0   Section        8  __rtentry2.o(.ARM.Collect$$rtentry$$0000000D)
    .ARM.Collect$$rtexit$$00000000           0x080001c8   Section        2  rtexit.o(.ARM.Collect$$rtexit$$00000000)
    .ARM.Collect$$rtexit$$00000002           0x080001ca   Section        0  rtexit2.o(.ARM.Collect$$rtexit$$00000002)
    .ARM.Collect$$rtexit$$00000003           0x080001ca   Section        4  rtexit2.o(.ARM.Collect$$rtexit$$00000003)
    .ARM.Collect$$rtexit$$00000004           0x080001ce   Section        6  rtexit2.o(.ARM.Collect$$rtexit$$00000004)
    .text                                    0x080001d4   Section        0  main.o(.text)
    .text                                    0x0800055c   Section        0  stm32f10x_it.o(.text)
    .text                                    0x08000578   Section        0  system_stm32f10x.o(.text)
    SetSysClockTo72                          0x08000579   Thumb Code   214  system_stm32f10x.o(.text)
    SetSysClock                              0x0800064f   Thumb Code     8  system_stm32f10x.o(.text)
    .text                                    0x08000758   Section        0  led.o(.text)
    .text                                    0x080007a0   Section        0  key.o(.text)
    .text                                    0x08000854   Section        0  sdio_sdcard.o(.text)
    .text                                    0x08002484   Section        0  exti.o(.text)
    .text                                    0x080025a4   Section        0  delay.o(.text)
    .text                                    0x08002678   Section        0  sys.o(.text)
    .text                                    0x08002684   Section        0  usart.o(.text)
    .text                                    0x08002810   Section       64  startup_stm32f10x_hd.o(.text)
    .text                                    0x08002850   Section        0  misc.o(.text)
    .text                                    0x0800292c   Section        0  stm32f10x_gpio.o(.text)
    .text                                    0x08002c88   Section        0  stm32f10x_rcc.o(.text)
    .text                                    0x0800302c   Section        0  stm32f10x_usart.o(.text)
    .text                                    0x08003434   Section        0  stm32f10x_dma.o(.text)
    .text                                    0x08003688   Section        0  stm32f10x_sdio.o(.text)
    .text                                    0x0800385c   Section        0  stm32f10x_exti.o(.text)
    .text                                    0x08003978   Section        0  malloc.o(.text)
    .text                                    0x08003ba4   Section        0  diskio.o(.text)
    .text                                    0x08003d00   Section        0  ff.o(.text)
    mem_cpy                                  0x08003d01   Thumb Code    26  ff.o(.text)
    mem_set                                  0x08003d1b   Thumb Code    20  ff.o(.text)
    mem_cmp                                  0x08003d2f   Thumb Code    38  ff.o(.text)
    chk_chr                                  0x08003d55   Thumb Code    20  ff.o(.text)
    sync_window                              0x08003d69   Thumb Code    82  ff.o(.text)
    move_window                              0x08003dbb   Thumb Code    52  ff.o(.text)
    sync_fs                                  0x08003def   Thumb Code   200  ff.o(.text)
    remove_chain                             0x08004105   Thumb Code   108  ff.o(.text)
    create_chain                             0x08004171   Thumb Code   214  ff.o(.text)
    clmt_clust                               0x08004247   Thumb Code    50  ff.o(.text)
    dir_next                                 0x08004317   Thumb Code   270  ff.o(.text)
    dir_alloc                                0x08004425   Thumb Code    92  ff.o(.text)
    ld_clust                                 0x08004481   Thumb Code    32  ff.o(.text)
    st_clust                                 0x080044a1   Thumb Code    16  ff.o(.text)
    cmp_lfn                                  0x080044b1   Thumb Code   138  ff.o(.text)
    pick_lfn                                 0x0800453b   Thumb Code   112  ff.o(.text)
    fit_lfn                                  0x080045ab   Thumb Code   122  ff.o(.text)
    gen_numname                              0x08004625   Thumb Code   198  ff.o(.text)
    sum_sfn                                  0x080046eb   Thumb Code    32  ff.o(.text)
    dir_find                                 0x0800470b   Thumb Code   234  ff.o(.text)
    dir_read                                 0x080047f5   Thumb Code   208  ff.o(.text)
    dir_register                             0x080048c5   Thumb Code   298  ff.o(.text)
    dir_remove                               0x080049ef   Thumb Code   106  ff.o(.text)
    get_fileinfo                             0x08004a59   Thumb Code   272  ff.o(.text)
    create_name                              0x08004b69   Thumb Code   604  ff.o(.text)
    follow_path                              0x08004dc5   Thumb Code   144  ff.o(.text)
    get_ldnumber                             0x08004e55   Thumb Code    74  ff.o(.text)
    check_fs                                 0x08004e9f   Thumb Code   140  ff.o(.text)
    find_volume                              0x08004f2b   Thumb Code   930  ff.o(.text)
    validate                                 0x080052cd   Thumb Code    54  ff.o(.text)
    putc_bfd                                 0x08006c75   Thumb Code    68  ff.o(.text)
    .text                                    0x08006fe4   Section        0  exfuns.o(.text)
    .text                                    0x0800718c   Section        0  cc936.o(.text)
    .text                                    0x08007240   Section        2  use_no_semi_2.o(.text)
    .text                                    0x08007242   Section       72  llsdiv.o(.text)
    .text                                    0x0800728c   Section        0  noretval__2printf.o(.text)
    .text                                    0x080072a4   Section        0  __printf.o(.text)
    .text                                    0x0800730c   Section        0  _printf_dec.o(.text)
    .text                                    0x08007384   Section        0  strcpy.o(.text)
    .text                                    0x080073cc   Section      138  rt_memcpy_v6.o(.text)
    .text                                    0x08007458   Section      128  strcmpv7m.o(.text)
    .text                                    0x080074d8   Section        0  heapauxi.o(.text)
    .text                                    0x080074de   Section        2  use_no_semi.o(.text)
    .text                                    0x080074e0   Section      238  lludivv7m.o(.text)
    .text                                    0x080075ce   Section        0  _printf_intcommon.o(.text)
    .text                                    0x08007680   Section        0  _printf_char_file.o(.text)
    .text                                    0x080076a4   Section      100  rt_memcpy_w.o(.text)
    .text                                    0x08007708   Section        0  _printf_char_common.o(.text)
    _printf_input_char                       0x08007709   Thumb Code    10  _printf_char_common.o(.text)
    .text                                    0x08007738   Section        0  ferror.o(.text)
    .text                                    0x08007740   Section       74  sys_stackheap_outer.o(.text)
    .text                                    0x0800778a   Section        0  exit.o(.text)
    .text                                    0x0800779c   Section        8  libspace.o(.text)
    .constdata                               0x080077a4   Section       24  malloc.o(.constdata)
    .constdata                               0x080077bc   Section       58  ff.o(.constdata)
    LfnOfs                                   0x080077bc   Data          13  ff.o(.constdata)
    vst                                      0x080077ca   Data          22  ff.o(.constdata)
    cst                                      0x080077e0   Data          22  ff.o(.constdata)
    .constdata                               0x080077f8   Section      312  exfuns.o(.constdata)
    .constdata                               0x08007930   Section    175304  cc936.o(.constdata)
    uni2oem                                  0x08007930   Data       87172  cc936.o(.constdata)
    oem2uni                                  0x0801cdb4   Data       87172  cc936.o(.constdata)
    tbl_lower                                0x08032238   Data         480  cc936.o(.constdata)
    tbl_upper                                0x08032418   Data         480  cc936.o(.constdata)
    .conststring                             0x080325f8   Section      100  exfuns.o(.conststring)
    .data                                    0x20000000   Section       29  main.o(.data)
    .data                                    0x20000020   Section       20  system_stm32f10x.o(.data)
    .data                                    0x20000034   Section        2  key.o(.data)
    key_up                                   0x20000035   Data           1  key.o(.data)
    .data                                    0x20000038   Section       16  sdio_sdcard.o(.data)
    CardType                                 0x20000038   Data           1  sdio_sdcard.o(.data)
    RCA                                      0x2000003c   Data           4  sdio_sdcard.o(.data)
    DeviceMode                               0x20000040   Data           1  sdio_sdcard.o(.data)
    StopCondition                            0x20000041   Data           1  sdio_sdcard.o(.data)
    .data                                    0x20000048   Section        4  delay.o(.data)
    fac_us                                   0x20000048   Data           1  delay.o(.data)
    fac_ms                                   0x2000004a   Data           2  delay.o(.data)
    .data                                    0x2000004c   Section       14  usart.o(.data)
    .data                                    0x2000005a   Section       20  stm32f10x_rcc.o(.data)
    APBAHBPrescTable                         0x2000005a   Data          16  stm32f10x_rcc.o(.data)
    ADCPrescTable                            0x2000006a   Data           4  stm32f10x_rcc.o(.data)
    .data                                    0x20000070   Section       28  malloc.o(.data)
    .data                                    0x2000008c   Section       10  ff.o(.data)
    FatFs                                    0x2000008c   Data           8  ff.o(.data)
    Fsid                                     0x20000094   Data           2  ff.o(.data)
    .data                                    0x20000098   Section       28  exfuns.o(.data)
    .bss                                     0x200000b4   Section      552  main.o(.bss)
    .bss                                     0x200002e0   Section      704  sdio_sdcard.o(.bss)
    CSD_Tab                                  0x20000324   Data          16  sdio_sdcard.o(.bss)
    CID_Tab                                  0x20000334   Data          16  sdio_sdcard.o(.bss)
    .bss                                     0x200005a0   Section     4096  usart.o(.bss)
    .bss                                     0x200015a0   Section    43520  malloc.o(.bss)
    .bss                                     0x2000bfa0   Section       96  libspace.o(.bss)
    HEAP                                     0x2000c000   Section      512  startup_stm32f10x_hd.o(HEAP)
    Heap_Mem                                 0x2000c000   Data         512  startup_stm32f10x_hd.o(HEAP)
    STACK                                    0x2000c200   Section     1024  startup_stm32f10x_hd.o(STACK)
    Stack_Mem                                0x2000c200   Data        1024  startup_stm32f10x_hd.o(STACK)
    __initial_sp                             0x2000c600   Data           0  startup_stm32f10x_hd.o(STACK)
    .ARM.__AT_0x68000000                     0x68000000   Section    983040  malloc.o(.ARM.__AT_0x68000000)
    .ARM.__AT_0x680F0000                     0x680f0000   Section    61440  malloc.o(.ARM.__AT_0x680F0000)

    Global Symbols

    Symbol Name                              Value     Ov Type        Size  Object(Section)

    BuildAttributes$$THM_ISAv4$P$D$K$B$S$PE$A:L22UL41UL21$X:L11$S22US41US21$IEEE1$IW$USESV6$~STKCKD$USESV7$~SHL$OSPACE$ROPI$EBA8$UX$STANDARDLIB$REQ8$PRES8$EABIv2 0x00000000   Number         0  anon$$obj.o ABSOLUTE
    __ARM_use_no_argv                        0x00000000   Number         0  main.o ABSOLUTE
    __ARM_exceptions_init                     - Undefined Weak Reference
    __alloca_initialize                       - Undefined Weak Reference
    __arm_preinit_                            - Undefined Weak Reference
    __cpp_initialize__aeabi_                  - Undefined Weak Reference
    __cxa_finalize                            - Undefined Weak Reference
    __rt_locale                               - Undefined Weak Reference
    __sigvec_lookup                           - Undefined Weak Reference
    _atexit_init                              - Undefined Weak Reference
    _call_atexit_fns                          - Undefined Weak Reference
    _clock_init                               - Undefined Weak Reference
    _fp_trap_init                             - Undefined Weak Reference
    _fp_trap_shutdown                         - Undefined Weak Reference
    _get_lc_collate                           - Undefined Weak Reference
    _get_lc_ctype                             - Undefined Weak Reference
    _get_lc_monetary                          - Undefined Weak Reference
    _get_lc_numeric                           - Undefined Weak Reference
    _get_lc_time                              - Undefined Weak Reference
    _getenv_init                              - Undefined Weak Reference
    _handle_redirection                       - Undefined Weak Reference
    _init_alloc                               - Undefined Weak Reference
    _init_user_alloc                          - Undefined Weak Reference
    _initio                                   - Undefined Weak Reference
    _mutex_acquire                            - Undefined Weak Reference
    _mutex_release                            - Undefined Weak Reference
    _printf_mbtowc                            - Undefined Weak Reference
    _printf_post_padding                      - Undefined Weak Reference
    _printf_pre_padding                       - Undefined Weak Reference
    _printf_truncate_signed                   - Undefined Weak Reference
    _printf_truncate_unsigned                 - Undefined Weak Reference
    _rand_init                                - Undefined Weak Reference
    _signal_finish                            - Undefined Weak Reference
    _signal_init                              - Undefined Weak Reference
    _terminate_alloc                          - Undefined Weak Reference
    _terminate_user_alloc                     - Undefined Weak Reference
    _terminateio                              - Undefined Weak Reference
    __Vectors_Size                           0x00000130   Number         0  startup_stm32f10x_hd.o ABSOLUTE
    __Vectors                                0x08000000   Data           4  startup_stm32f10x_hd.o(RESET)
    __Vectors_End                            0x08000130   Data           0  startup_stm32f10x_hd.o(RESET)
    __main                                   0x08000131   Thumb Code     8  __main.o(!!!main)
    __scatterload                            0x08000139   Thumb Code     0  __scatter.o(!!!scatter)
    __scatterload_rt2                        0x08000139   Thumb Code    44  __scatter.o(!!!scatter)
    __scatterload_rt2_thumb_only             0x08000139   Thumb Code     0  __scatter.o(!!!scatter)
    __scatterload_null                       0x08000147   Thumb Code     0  __scatter.o(!!!scatter)
    __scatterload_copy                       0x0800016d   Thumb Code    26  __scatter_copy.o(!!handler_copy)
    __scatterload_zeroinit                   0x08000189   Thumb Code    28  __scatter_zi.o(!!handler_zi)
    _printf_d                                0x080001a5   Thumb Code     0  _printf_d.o(.ARM.Collect$$_printf_percent$$00000009)
    _printf_percent                          0x080001a5   Thumb Code     0  _printf_percent.o(.ARM.Collect$$_printf_percent$$00000000)
    _printf_percent_end                      0x080001ab   Thumb Code     0  _printf_percent_end.o(.ARM.Collect$$_printf_percent$$00000017)
    __rt_lib_init                            0x080001af   Thumb Code     0  libinit.o(.ARM.Collect$$libinit$$00000000)
    __rt_lib_init_alloca_1                   0x080001b1   Thumb Code     0  libinit2.o(.ARM.Collect$$libinit$$0000002E)
    __rt_lib_init_argv_1                     0x080001b1   Thumb Code     0  libinit2.o(.ARM.Collect$$libinit$$0000002C)
    __rt_lib_init_atexit_1                   0x080001b1   Thumb Code     0  libinit2.o(.ARM.Collect$$libinit$$0000001B)
    __rt_lib_init_clock_1                    0x080001b1   Thumb Code     0  libinit2.o(.ARM.Collect$$libinit$$00000021)
    __rt_lib_init_cpp_1                      0x080001b1   Thumb Code     0  libinit2.o(.ARM.Collect$$libinit$$00000032)
    __rt_lib_init_exceptions_1               0x080001b1   Thumb Code     0  libinit2.o(.ARM.Collect$$libinit$$00000030)
    __rt_lib_init_fp_1                       0x080001b1   Thumb Code     0  libinit2.o(.ARM.Collect$$libinit$$00000002)
    __rt_lib_init_fp_trap_1                  0x080001b1   Thumb Code     0  libinit2.o(.ARM.Collect$$libinit$$0000001F)
    __rt_lib_init_getenv_1                   0x080001b1   Thumb Code     0  libinit2.o(.ARM.Collect$$libinit$$00000023)
    __rt_lib_init_heap_1                     0x080001b1   Thumb Code     0  libinit2.o(.ARM.Collect$$libinit$$0000000A)
    __rt_lib_init_lc_collate_1               0x080001b1   Thumb Code     0  libinit2.o(.ARM.Collect$$libinit$$00000011)
    __rt_lib_init_lc_ctype_1                 0x080001b1   Thumb Code     0  libinit2.o(.ARM.Collect$$libinit$$00000013)
    __rt_lib_init_lc_monetary_1              0x080001b1   Thumb Code     0  libinit2.o(.ARM.Collect$$libinit$$00000015)
    __rt_lib_init_lc_numeric_1               0x080001b1   Thumb Code     0  libinit2.o(.ARM.Collect$$libinit$$00000017)
    __rt_lib_init_lc_time_1                  0x080001b1   Thumb Code     0  libinit2.o(.ARM.Collect$$libinit$$00000019)
    __rt_lib_init_preinit_1                  0x080001b1   Thumb Code     0  libinit2.o(.ARM.Collect$$libinit$$00000004)
    __rt_lib_init_rand_1                     0x080001b1   Thumb Code     0  libinit2.o(.ARM.Collect$$libinit$$0000000E)
    __rt_lib_init_return                     0x080001b1   Thumb Code     0  libinit2.o(.ARM.Collect$$libinit$$00000033)
    __rt_lib_init_signal_1                   0x080001b1   Thumb Code     0  libinit2.o(.ARM.Collect$$libinit$$0000001D)
    __rt_lib_init_stdio_1                    0x080001b1   Thumb Code     0  libinit2.o(.ARM.Collect$$libinit$$00000025)
    __rt_lib_init_user_alloc_1               0x080001b1   Thumb Code     0  libinit2.o(.ARM.Collect$$libinit$$0000000C)
    __rt_lib_shutdown                        0x080001b3   Thumb Code     0  libshutdown.o(.ARM.Collect$$libshutdown$$00000000)
    __rt_lib_shutdown_cpp_1                  0x080001b5   Thumb Code     0  libshutdown2.o(.ARM.Collect$$libshutdown$$00000002)
    __rt_lib_shutdown_fp_trap_1              0x080001b5   Thumb Code     0  libshutdown2.o(.ARM.Collect$$libshutdown$$00000007)
    __rt_lib_shutdown_heap_1                 0x080001b5   Thumb Code     0  libshutdown2.o(.ARM.Collect$$libshutdown$$0000000F)
    __rt_lib_shutdown_return                 0x080001b5   Thumb Code     0  libshutdown2.o(.ARM.Collect$$libshutdown$$00000010)
    __rt_lib_shutdown_signal_1               0x080001b5   Thumb Code     0  libshutdown2.o(.ARM.Collect$$libshutdown$$0000000A)
    __rt_lib_shutdown_stdio_1                0x080001b5   Thumb Code     0  libshutdown2.o(.ARM.Collect$$libshutdown$$00000004)
    __rt_lib_shutdown_user_alloc_1           0x080001b5   Thumb Code     0  libshutdown2.o(.ARM.Collect$$libshutdown$$0000000C)
    __rt_entry                               0x080001b7   Thumb Code     0  __rtentry.o(.ARM.Collect$$rtentry$$00000000)
    __rt_entry_presh_1                       0x080001b7   Thumb Code     0  __rtentry2.o(.ARM.Collect$$rtentry$$00000002)
    __rt_entry_sh                            0x080001b7   Thumb Code     0  __rtentry4.o(.ARM.Collect$$rtentry$$00000004)
    __rt_entry_li                            0x080001bd   Thumb Code     0  __rtentry2.o(.ARM.Collect$$rtentry$$0000000A)
    __rt_entry_postsh_1                      0x080001bd   Thumb Code     0  __rtentry2.o(.ARM.Collect$$rtentry$$00000009)
    __rt_entry_main                          0x080001c1   Thumb Code     0  __rtentry2.o(.ARM.Collect$$rtentry$$0000000D)
    __rt_entry_postli_1                      0x080001c1   Thumb Code     0  __rtentry2.o(.ARM.Collect$$rtentry$$0000000C)
    __rt_exit                                0x080001c9   Thumb Code     0  rtexit.o(.ARM.Collect$$rtexit$$00000000)
    __rt_exit_ls                             0x080001cb   Thumb Code     0  rtexit2.o(.ARM.Collect$$rtexit$$00000003)
    __rt_exit_prels_1                        0x080001cb   Thumb Code     0  rtexit2.o(.ARM.Collect$$rtexit$$00000002)
    __rt_exit_exit                           0x080001cf   Thumb Code     0  rtexit2.o(.ARM.Collect$$rtexit$$00000004)
    main                                     0x080001d5   Thumb Code   526  main.o(.text)
    NMI_Handler                              0x0800055d   Thumb Code     2  stm32f10x_it.o(.text)
    HardFault_Handler                        0x0800055f   Thumb Code     4  stm32f10x_it.o(.text)
    MemManage_Handler                        0x08000563   Thumb Code     4  stm32f10x_it.o(.text)
    BusFault_Handler                         0x08000567   Thumb Code     4  stm32f10x_it.o(.text)
    UsageFault_Handler                       0x0800056b   Thumb Code     4  stm32f10x_it.o(.text)
    SVC_Handler                              0x0800056f   Thumb Code     2  stm32f10x_it.o(.text)
    DebugMon_Handler                         0x08000571   Thumb Code     2  stm32f10x_it.o(.text)
    PendSV_Handler                           0x08000573   Thumb Code     2  stm32f10x_it.o(.text)
    SysTick_Handler                          0x08000575   Thumb Code     2  stm32f10x_it.o(.text)
    SystemInit                               0x08000657   Thumb Code    78  system_stm32f10x.o(.text)
    SystemCoreClockUpdate                    0x080006a5   Thumb Code   142  system_stm32f10x.o(.text)
    LED_Init                                 0x08000759   Thumb Code    68  led.o(.text)
    KEY_Init                                 0x080007a1   Thumb Code    52  key.o(.text)
    KEY_Scan                                 0x080007d5   Thumb Code   114  key.o(.text)
    SD_SetDeviceMode                         0x08000855   Thumb Code    20  sdio_sdcard.o(.text)
    SDIO_Clock_Set                           0x08000869   Thumb Code    16  sdio_sdcard.o(.text)
    CmdResp1Error                            0x08000879   Thumb Code    90  sdio_sdcard.o(.text)
    FindSCR                                  0x080008d3   Thumb Code   386  sdio_sdcard.o(.text)
    SDEnWideBus                              0x08000a55   Thumb Code   158  sdio_sdcard.o(.text)
    SD_EnableWideBusOperation                0x08000af3   Thumb Code    94  sdio_sdcard.o(.text)
    SD_SelectDeselect                        0x08000b51   Thumb Code    42  sdio_sdcard.o(.text)
    SD_GetCardInfo                           0x08000b7b   Thumb Code   802  sdio_sdcard.o(.text)
    CmdResp2Error                            0x08000e9d   Thumb Code    80  sdio_sdcard.o(.text)
    CmdResp6Error                            0x08000eed   Thumb Code   140  sdio_sdcard.o(.text)
    SD_InitializeCards                       0x08000f79   Thumb Code   336  sdio_sdcard.o(.text)
    CmdResp3Error                            0x080010c9   Thumb Code    50  sdio_sdcard.o(.text)
    CmdResp7Error                            0x080010fb   Thumb Code    70  sdio_sdcard.o(.text)
    CmdError                                 0x08001141   Thumb Code    48  sdio_sdcard.o(.text)
    SD_PowerON                               0x08001171   Thumb Code   450  sdio_sdcard.o(.text)
    SD_Init                                  0x08001333   Thumb Code   238  sdio_sdcard.o(.text)
    SD_PowerOFF                              0x08001421   Thumb Code    12  sdio_sdcard.o(.text)
    SD_DMA_Config                            0x0800142d   Thumb Code   146  sdio_sdcard.o(.text)
    convert_from_bytes_to_power_of_two       0x080014bf   Thumb Code    18  sdio_sdcard.o(.text)
    SD_ReadBlock                             0x080014d1   Thumb Code   560  sdio_sdcard.o(.text)
    SD_ReadMultiBlocks                       0x08001701   Thumb Code   742  sdio_sdcard.o(.text)
    IsCardProgramming                        0x080019e7   Thumb Code   142  sdio_sdcard.o(.text)
    SD_WriteBlock                            0x08001a75   Thumb Code   888  sdio_sdcard.o(.text)
    SD_WriteMultiBlocks                      0x08001ded   Thumb Code   962  sdio_sdcard.o(.text)
    SD_ProcessIRQSrc                         0x080021af   Thumb Code   294  sdio_sdcard.o(.text)
    SDIO_IRQHandler                          0x080022d5   Thumb Code     8  sdio_sdcard.o(.text)
    SD_SendStatus                            0x080022dd   Thumb Code    72  sdio_sdcard.o(.text)
    SD_GetState                              0x08002325   Thumb Code    26  sdio_sdcard.o(.text)
    SD_ReadDisk                              0x0800233f   Thumb Code   148  sdio_sdcard.o(.text)
    SD_WriteDisk                             0x080023d3   Thumb Code   148  sdio_sdcard.o(.text)
    EXTIX_Init                               0x08002485   Thumb Code   158  exti.o(.text)
    EXTI0_IRQHandler                         0x08002523   Thumb Code    42  exti.o(.text)
    EXTI4_IRQHandler                         0x0800254d   Thumb Code    68  exti.o(.text)
    delay_init                               0x080025a5   Thumb Code    50  delay.o(.text)
    delay_us                                 0x080025d7   Thumb Code    72  delay.o(.text)
    delay_ms                                 0x0800261f   Thumb Code    72  delay.o(.text)
    WFI_SET                                  0x08002679   Thumb Code     4  sys.o(.text)
    INTX_DISABLE                             0x0800267d   Thumb Code     4  sys.o(.text)
    INTX_ENABLE                              0x08002681   Thumb Code     4  sys.o(.text)
    _sys_exit                                0x08002685   Thumb Code     6  usart.o(.text)
    fputc                                    0x0800268b   Thumb Code    24  usart.o(.text)
    uart_init                                0x080026a3   Thumb Code   152  usart.o(.text)
    USART1_IRQHandler                        0x0800273b   Thumb Code   180  usart.o(.text)
    Reset_Handler                            0x08002811   Thumb Code     8  startup_stm32f10x_hd.o(.text)
    ADC1_2_IRQHandler                        0x0800282b   Thumb Code     0  startup_stm32f10x_hd.o(.text)
    ADC3_IRQHandler                          0x0800282b   Thumb Code     0  startup_stm32f10x_hd.o(.text)
    CAN1_RX1_IRQHandler                      0x0800282b   Thumb Code     0  startup_stm32f10x_hd.o(.text)
    CAN1_SCE_IRQHandler                      0x0800282b   Thumb Code     0  startup_stm32f10x_hd.o(.text)
    DMA1_Channel1_IRQHandler                 0x0800282b   Thumb Code     0  startup_stm32f10x_hd.o(.text)
    DMA1_Channel2_IRQHandler                 0x0800282b   Thumb Code     0  startup_stm32f10x_hd.o(.text)
    DMA1_Channel3_IRQHandler                 0x0800282b   Thumb Code     0  startup_stm32f10x_hd.o(.text)
    DMA1_Channel4_IRQHandler                 0x0800282b   Thumb Code     0  startup_stm32f10x_hd.o(.text)
    DMA1_Channel5_IRQHandler                 0x0800282b   Thumb Code     0  startup_stm32f10x_hd.o(.text)
    DMA1_Channel6_IRQHandler                 0x0800282b   Thumb Code     0  startup_stm32f10x_hd.o(.text)
    DMA1_Channel7_IRQHandler                 0x0800282b   Thumb Code     0  startup_stm32f10x_hd.o(.text)
    DMA2_Channel1_IRQHandler                 0x0800282b   Thumb Code     0  startup_stm32f10x_hd.o(.text)
    DMA2_Channel2_IRQHandler                 0x0800282b   Thumb Code     0  startup_stm32f10x_hd.o(.text)
    DMA2_Channel3_IRQHandler                 0x0800282b   Thumb Code     0  startup_stm32f10x_hd.o(.text)
    DMA2_Channel4_5_IRQHandler               0x0800282b   Thumb Code     0  startup_stm32f10x_hd.o(.text)
    EXTI15_10_IRQHandler                     0x0800282b   Thumb Code     0  startup_stm32f10x_hd.o(.text)
    EXTI1_IRQHandler                         0x0800282b   Thumb Code     0  startup_stm32f10x_hd.o(.text)
    EXTI2_IRQHandler                         0x0800282b   Thumb Code     0  startup_stm32f10x_hd.o(.text)
    EXTI3_IRQHandler                         0x0800282b   Thumb Code     0  startup_stm32f10x_hd.o(.text)
    EXTI9_5_IRQHandler                       0x0800282b   Thumb Code     0  startup_stm32f10x_hd.o(.text)
    FLASH_IRQHandler                         0x0800282b   Thumb Code     0  startup_stm32f10x_hd.o(.text)
    FSMC_IRQHandler                          0x0800282b   Thumb Code     0  startup_stm32f10x_hd.o(.text)
    I2C1_ER_IRQHandler                       0x0800282b   Thumb Code     0  startup_stm32f10x_hd.o(.text)
    I2C1_EV_IRQHandler                       0x0800282b   Thumb Code     0  startup_stm32f10x_hd.o(.text)
    I2C2_ER_IRQHandler                       0x0800282b   Thumb Code     0  startup_stm32f10x_hd.o(.text)
    I2C2_EV_IRQHandler                       0x0800282b   Thumb Code     0  startup_stm32f10x_hd.o(.text)
    PVD_IRQHandler                           0x0800282b   Thumb Code     0  startup_stm32f10x_hd.o(.text)
    RCC_IRQHandler                           0x0800282b   Thumb Code     0  startup_stm32f10x_hd.o(.text)
    RTCAlarm_IRQHandler                      0x0800282b   Thumb Code     0  startup_stm32f10x_hd.o(.text)
    RTC_IRQHandler                           0x0800282b   Thumb Code     0  startup_stm32f10x_hd.o(.text)
    SPI1_IRQHandler                          0x0800282b   Thumb Code     0  startup_stm32f10x_hd.o(.text)
    SPI2_IRQHandler                          0x0800282b   Thumb Code     0  startup_stm32f10x_hd.o(.text)
    SPI3_IRQHandler                          0x0800282b   Thumb Code     0  startup_stm32f10x_hd.o(.text)
    TAMPER_IRQHandler                        0x0800282b   Thumb Code     0  startup_stm32f10x_hd.o(.text)
    TIM1_BRK_IRQHandler                      0x0800282b   Thumb Code     0  startup_stm32f10x_hd.o(.text)
    TIM1_CC_IRQHandler                       0x0800282b   Thumb Code     0  startup_stm32f10x_hd.o(.text)
    TIM1_TRG_COM_IRQHandler                  0x0800282b   Thumb Code     0  startup_stm32f10x_hd.o(.text)
    TIM1_UP_IRQHandler                       0x0800282b   Thumb Code     0  startup_stm32f10x_hd.o(.text)
    TIM2_IRQHandler                          0x0800282b   Thumb Code     0  startup_stm32f10x_hd.o(.text)
    TIM3_IRQHandler                          0x0800282b   Thumb Code     0  startup_stm32f10x_hd.o(.text)
    TIM4_IRQHandler                          0x0800282b   Thumb Code     0  startup_stm32f10x_hd.o(.text)
    TIM5_IRQHandler                          0x0800282b   Thumb Code     0  startup_stm32f10x_hd.o(.text)
    TIM6_IRQHandler                          0x0800282b   Thumb Code     0  startup_stm32f10x_hd.o(.text)
    TIM7_IRQHandler                          0x0800282b   Thumb Code     0  startup_stm32f10x_hd.o(.text)
    TIM8_BRK_IRQHandler                      0x0800282b   Thumb Code     0  startup_stm32f10x_hd.o(.text)
    TIM8_CC_IRQHandler                       0x0800282b   Thumb Code     0  startup_stm32f10x_hd.o(.text)
    TIM8_TRG_COM_IRQHandler                  0x0800282b   Thumb Code     0  startup_stm32f10x_hd.o(.text)
    TIM8_UP_IRQHandler                       0x0800282b   Thumb Code     0  startup_stm32f10x_hd.o(.text)
    UART4_IRQHandler                         0x0800282b   Thumb Code     0  startup_stm32f10x_hd.o(.text)
    UART5_IRQHandler                         0x0800282b   Thumb Code     0  startup_stm32f10x_hd.o(.text)
    USART2_IRQHandler                        0x0800282b   Thumb Code     0  startup_stm32f10x_hd.o(.text)
    USART3_IRQHandler                        0x0800282b   Thumb Code     0  startup_stm32f10x_hd.o(.text)
    USBWakeUp_IRQHandler                     0x0800282b   Thumb Code     0  startup_stm32f10x_hd.o(.text)
    USB_HP_CAN1_TX_IRQHandler                0x0800282b   Thumb Code     0  startup_stm32f10x_hd.o(.text)
    USB_LP_CAN1_RX0_IRQHandler               0x0800282b   Thumb Code     0  startup_stm32f10x_hd.o(.text)
    WWDG_IRQHandler                          0x0800282b   Thumb Code     0  startup_stm32f10x_hd.o(.text)
    __user_initial_stackheap                 0x0800282d   Thumb Code     0  startup_stm32f10x_hd.o(.text)
    NVIC_PriorityGroupConfig                 0x08002851   Thumb Code    10  misc.o(.text)
    NVIC_Init                                0x0800285b   Thumb Code   100  misc.o(.text)
    NVIC_SetVectorTable                      0x080028bf   Thumb Code    14  misc.o(.text)
    NVIC_SystemLPConfig                      0x080028cd   Thumb Code    34  misc.o(.text)
    SysTick_CLKSourceConfig                  0x080028ef   Thumb Code    40  misc.o(.text)
    GPIO_DeInit                              0x0800292d   Thumb Code   172  stm32f10x_gpio.o(.text)
    GPIO_AFIODeInit                          0x080029d9   Thumb Code    20  stm32f10x_gpio.o(.text)
    GPIO_Init                                0x080029ed   Thumb Code   278  stm32f10x_gpio.o(.text)
    GPIO_StructInit                          0x08002b03   Thumb Code    16  stm32f10x_gpio.o(.text)
    GPIO_ReadInputDataBit                    0x08002b13   Thumb Code    18  stm32f10x_gpio.o(.text)
    GPIO_ReadInputData                       0x08002b25   Thumb Code     8  stm32f10x_gpio.o(.text)
    GPIO_ReadOutputDataBit                   0x08002b2d   Thumb Code    18  stm32f10x_gpio.o(.text)
    GPIO_ReadOutputData                      0x08002b3f   Thumb Code     8  stm32f10x_gpio.o(.text)
    GPIO_SetBits                             0x08002b47   Thumb Code     4  stm32f10x_gpio.o(.text)
    GPIO_ResetBits                           0x08002b4b   Thumb Code     4  stm32f10x_gpio.o(.text)
    GPIO_WriteBit                            0x08002b4f   Thumb Code    10  stm32f10x_gpio.o(.text)
    GPIO_Write                               0x08002b59   Thumb Code     4  stm32f10x_gpio.o(.text)
    GPIO_PinLockConfig                       0x08002b5d   Thumb Code    18  stm32f10x_gpio.o(.text)
    GPIO_EventOutputConfig                   0x08002b6f   Thumb Code    26  stm32f10x_gpio.o(.text)
    GPIO_EventOutputCmd                      0x08002b89   Thumb Code     6  stm32f10x_gpio.o(.text)
    GPIO_PinRemapConfig                      0x08002b8f   Thumb Code   138  stm32f10x_gpio.o(.text)
    GPIO_EXTILineConfig                      0x08002c19   Thumb Code    66  stm32f10x_gpio.o(.text)
    GPIO_ETH_MediaInterfaceConfig            0x08002c5b   Thumb Code     8  stm32f10x_gpio.o(.text)
    RCC_DeInit                               0x08002c89   Thumb Code    64  stm32f10x_rcc.o(.text)
    RCC_HSEConfig                            0x08002cc9   Thumb Code    70  stm32f10x_rcc.o(.text)
    RCC_GetFlagStatus                        0x08002d0f   Thumb Code    56  stm32f10x_rcc.o(.text)
    RCC_WaitForHSEStartUp                    0x08002d47   Thumb Code    56  stm32f10x_rcc.o(.text)
    RCC_AdjustHSICalibrationValue            0x08002d7f   Thumb Code    20  stm32f10x_rcc.o(.text)
    RCC_HSICmd                               0x08002d93   Thumb Code     6  stm32f10x_rcc.o(.text)
    RCC_PLLConfig                            0x08002d99   Thumb Code    24  stm32f10x_rcc.o(.text)
    RCC_PLLCmd                               0x08002db1   Thumb Code     6  stm32f10x_rcc.o(.text)
    RCC_SYSCLKConfig                         0x08002db7   Thumb Code    18  stm32f10x_rcc.o(.text)
    RCC_GetSYSCLKSource                      0x08002dc9   Thumb Code    10  stm32f10x_rcc.o(.text)
    RCC_HCLKConfig                           0x08002dd3   Thumb Code    18  stm32f10x_rcc.o(.text)
    RCC_PCLK1Config                          0x08002de5   Thumb Code    18  stm32f10x_rcc.o(.text)
    RCC_PCLK2Config                          0x08002df7   Thumb Code    20  stm32f10x_rcc.o(.text)
    RCC_ITConfig                             0x08002e0b   Thumb Code    26  stm32f10x_rcc.o(.text)
    RCC_USBCLKConfig                         0x08002e25   Thumb Code     8  stm32f10x_rcc.o(.text)
    RCC_ADCCLKConfig                         0x08002e2d   Thumb Code    18  stm32f10x_rcc.o(.text)
    RCC_LSEConfig                            0x08002e3f   Thumb Code    50  stm32f10x_rcc.o(.text)
    RCC_LSICmd                               0x08002e71   Thumb Code     6  stm32f10x_rcc.o(.text)
    RCC_RTCCLKConfig                         0x08002e77   Thumb Code    12  stm32f10x_rcc.o(.text)
    RCC_RTCCLKCmd                            0x08002e83   Thumb Code     8  stm32f10x_rcc.o(.text)
    RCC_GetClocksFreq                        0x08002e8b   Thumb Code   192  stm32f10x_rcc.o(.text)
    RCC_AHBPeriphClockCmd                    0x08002f4b   Thumb Code    26  stm32f10x_rcc.o(.text)
    RCC_APB2PeriphClockCmd                   0x08002f65   Thumb Code    26  stm32f10x_rcc.o(.text)
    RCC_APB1PeriphClockCmd                   0x08002f7f   Thumb Code    26  stm32f10x_rcc.o(.text)
    RCC_APB2PeriphResetCmd                   0x08002f99   Thumb Code    26  stm32f10x_rcc.o(.text)
    RCC_APB1PeriphResetCmd                   0x08002fb3   Thumb Code    26  stm32f10x_rcc.o(.text)
    RCC_BackupResetCmd                       0x08002fcd   Thumb Code     8  stm32f10x_rcc.o(.text)
    RCC_ClockSecuritySystemCmd               0x08002fd5   Thumb Code     6  stm32f10x_rcc.o(.text)
    RCC_MCOConfig                            0x08002fdb   Thumb Code     6  stm32f10x_rcc.o(.text)
    RCC_ClearFlag                            0x08002fe1   Thumb Code    14  stm32f10x_rcc.o(.text)
    RCC_GetITStatus                          0x08002fef   Thumb Code    20  stm32f10x_rcc.o(.text)
    RCC_ClearITPendingBit                    0x08003003   Thumb Code     6  stm32f10x_rcc.o(.text)
    USART_DeInit                             0x0800302d   Thumb Code   134  stm32f10x_usart.o(.text)
    USART_Init                               0x080030b3   Thumb Code   210  stm32f10x_usart.o(.text)
    USART_StructInit                         0x08003185   Thumb Code    24  stm32f10x_usart.o(.text)
    USART_ClockInit                          0x0800319d   Thumb Code    34  stm32f10x_usart.o(.text)
    USART_ClockStructInit                    0x080031bf   Thumb Code    12  stm32f10x_usart.o(.text)
    USART_Cmd                                0x080031cb   Thumb Code    24  stm32f10x_usart.o(.text)
    USART_ITConfig                           0x080031e3   Thumb Code    74  stm32f10x_usart.o(.text)
    USART_DMACmd                             0x0800322d   Thumb Code    18  stm32f10x_usart.o(.text)
    USART_SetAddress                         0x0800323f   Thumb Code    18  stm32f10x_usart.o(.text)
    USART_WakeUpConfig                       0x08003251   Thumb Code    18  stm32f10x_usart.o(.text)
    USART_ReceiverWakeUpCmd                  0x08003263   Thumb Code    24  stm32f10x_usart.o(.text)
    USART_LINBreakDetectLengthConfig         0x0800327b   Thumb Code    18  stm32f10x_usart.o(.text)
    USART_LINCmd                             0x0800328d   Thumb Code    24  stm32f10x_usart.o(.text)
    USART_SendData                           0x080032a5   Thumb Code     8  stm32f10x_usart.o(.text)
    USART_ReceiveData                        0x080032ad   Thumb Code    10  stm32f10x_usart.o(.text)
    USART_SendBreak                          0x080032b7   Thumb Code    10  stm32f10x_usart.o(.text)
    USART_SetGuardTime                       0x080032c1   Thumb Code    16  stm32f10x_usart.o(.text)
    USART_SetPrescaler                       0x080032d1   Thumb Code    16  stm32f10x_usart.o(.text)
    USART_SmartCardCmd                       0x080032e1   Thumb Code    24  stm32f10x_usart.o(.text)
    USART_SmartCardNACKCmd                   0x080032f9   Thumb Code    24  stm32f10x_usart.o(.text)
    USART_HalfDuplexCmd                      0x08003311   Thumb Code    24  stm32f10x_usart.o(.text)
    USART_OverSampling8Cmd                   0x08003329   Thumb Code    22  stm32f10x_usart.o(.text)
    USART_OneBitMethodCmd                    0x0800333f   Thumb Code    24  stm32f10x_usart.o(.text)
    USART_IrDAConfig                         0x08003357   Thumb Code    18  stm32f10x_usart.o(.text)
    USART_IrDACmd                            0x08003369   Thumb Code    24  stm32f10x_usart.o(.text)
    USART_GetFlagStatus                      0x08003381   Thumb Code    26  stm32f10x_usart.o(.text)
    USART_ClearFlag                          0x0800339b   Thumb Code    18  stm32f10x_usart.o(.text)
    USART_GetITStatus                        0x080033ad   Thumb Code    84  stm32f10x_usart.o(.text)
    USART_ClearITPendingBit                  0x08003401   Thumb Code    52  stm32f10x_usart.o(.text)
    DMA_DeInit                               0x08003435   Thumb Code   324  stm32f10x_dma.o(.text)
    DMA_Init                                 0x08003579   Thumb Code    60  stm32f10x_dma.o(.text)
    DMA_StructInit                           0x080035b5   Thumb Code    26  stm32f10x_dma.o(.text)
    DMA_Cmd                                  0x080035cf   Thumb Code    24  stm32f10x_dma.o(.text)
    DMA_ITConfig                             0x080035e7   Thumb Code    18  stm32f10x_dma.o(.text)
    DMA_SetCurrDataCounter                   0x080035f9   Thumb Code     4  stm32f10x_dma.o(.text)
    DMA_GetCurrDataCounter                   0x080035fd   Thumb Code     8  stm32f10x_dma.o(.text)
    DMA_GetFlagStatus                        0x08003605   Thumb Code    40  stm32f10x_dma.o(.text)
    DMA_ClearFlag                            0x0800362d   Thumb Code    22  stm32f10x_dma.o(.text)
    DMA_GetITStatus                          0x08003643   Thumb Code    40  stm32f10x_dma.o(.text)
    DMA_ClearITPendingBit                    0x0800366b   Thumb Code    22  stm32f10x_dma.o(.text)
    SDIO_DeInit                              0x08003689   Thumb Code    28  stm32f10x_sdio.o(.text)
    SDIO_Init                                0x080036a5   Thumb Code    42  stm32f10x_sdio.o(.text)
    SDIO_StructInit                          0x080036cf   Thumb Code    16  stm32f10x_sdio.o(.text)
    SDIO_ClockCmd                            0x080036df   Thumb Code     6  stm32f10x_sdio.o(.text)
    SDIO_SetPowerState                       0x080036e5   Thumb Code    22  stm32f10x_sdio.o(.text)
    SDIO_GetPowerState                       0x080036fb   Thumb Code    10  stm32f10x_sdio.o(.text)
    SDIO_ITConfig                            0x08003705   Thumb Code    26  stm32f10x_sdio.o(.text)
    SDIO_DMACmd                              0x0800371f   Thumb Code     6  stm32f10x_sdio.o(.text)
    SDIO_SendCommand                         0x08003725   Thumb Code    38  stm32f10x_sdio.o(.text)
    SDIO_CmdStructInit                       0x0800374b   Thumb Code    14  stm32f10x_sdio.o(.text)
    SDIO_GetCommandResponse                  0x08003759   Thumb Code     8  stm32f10x_sdio.o(.text)
    SDIO_GetResponse                         0x08003761   Thumb Code    22  stm32f10x_sdio.o(.text)
    SDIO_DataConfig                          0x08003777   Thumb Code    42  stm32f10x_sdio.o(.text)
    SDIO_DataStructInit                      0x080037a1   Thumb Code    20  stm32f10x_sdio.o(.text)
    SDIO_GetDataCounter                      0x080037b5   Thumb Code     6  stm32f10x_sdio.o(.text)
    SDIO_ReadData                            0x080037bb   Thumb Code     8  stm32f10x_sdio.o(.text)
    SDIO_WriteData                           0x080037c3   Thumb Code     8  stm32f10x_sdio.o(.text)
    SDIO_GetFIFOCount                        0x080037cb   Thumb Code     6  stm32f10x_sdio.o(.text)
    SDIO_StartSDIOReadWait                   0x080037d1   Thumb Code     8  stm32f10x_sdio.o(.text)
    SDIO_StopSDIOReadWait                    0x080037d9   Thumb Code     8  stm32f10x_sdio.o(.text)
    SDIO_SetSDIOReadWaitMode                 0x080037e1   Thumb Code     8  stm32f10x_sdio.o(.text)
    SDIO_SetSDIOOperation                    0x080037e9   Thumb Code     8  stm32f10x_sdio.o(.text)
    SDIO_SendSDIOSuspendCmd                  0x080037f1   Thumb Code     6  stm32f10x_sdio.o(.text)
    SDIO_CommandCompletionCmd                0x080037f7   Thumb Code     8  stm32f10x_sdio.o(.text)
    SDIO_CEATAITCmd                          0x080037ff   Thumb Code    12  stm32f10x_sdio.o(.text)
    SDIO_SendCEATACmd                        0x0800380b   Thumb Code     8  stm32f10x_sdio.o(.text)
    SDIO_GetFlagStatus                       0x08003813   Thumb Code    20  stm32f10x_sdio.o(.text)
    SDIO_ClearFlag                           0x08003827   Thumb Code     6  stm32f10x_sdio.o(.text)
    SDIO_GetITStatus                         0x0800382d   Thumb Code    20  stm32f10x_sdio.o(.text)
    SDIO_ClearITPendingBit                   0x08003841   Thumb Code     6  stm32f10x_sdio.o(.text)
    EXTI_DeInit                              0x0800385d   Thumb Code    28  stm32f10x_exti.o(.text)
    EXTI_Init                                0x08003879   Thumb Code   142  stm32f10x_exti.o(.text)
    EXTI_StructInit                          0x08003907   Thumb Code    16  stm32f10x_exti.o(.text)
    EXTI_GenerateSWInterrupt                 0x08003917   Thumb Code    16  stm32f10x_exti.o(.text)
    EXTI_GetFlagStatus                       0x08003927   Thumb Code    22  stm32f10x_exti.o(.text)
    EXTI_ClearFlag                           0x0800393d   Thumb Code     8  stm32f10x_exti.o(.text)
    EXTI_GetITStatus                         0x08003945   Thumb Code    34  stm32f10x_exti.o(.text)
    EXTI_ClearITPendingBit                   0x08003967   Thumb Code     8  stm32f10x_exti.o(.text)
    mymemcpy                                 0x08003979   Thumb Code    26  malloc.o(.text)
    mymemset                                 0x08003993   Thumb Code    20  malloc.o(.text)
    my_mem_init                              0x080039a7   Thumb Code    54  malloc.o(.text)
    my_mem_perused                           0x080039dd   Thumb Code    54  malloc.o(.text)
    my_mem_malloc                            0x08003a13   Thumb Code   154  malloc.o(.text)
    my_mem_free                              0x08003aad   Thumb Code    94  malloc.o(.text)
    myfree                                   0x08003b0b   Thumb Code    32  malloc.o(.text)
    mymalloc                                 0x08003b2b   Thumb Code    36  malloc.o(.text)
    myrealloc                                0x08003b4f   Thumb Code    68  malloc.o(.text)
    disk_status                              0x08003ba5   Thumb Code     6  diskio.o(.text)
    disk_initialize                          0x08003bab   Thumb Code    32  diskio.o(.text)
    disk_read                                0x08003bcb   Thumb Code    86  diskio.o(.text)
    disk_write                               0x08003c21   Thumb Code    86  diskio.o(.text)
    disk_ioctl                               0x08003c77   Thumb Code   102  diskio.o(.text)
    get_fattime                              0x08003cdd   Thumb Code     4  diskio.o(.text)
    ff_memalloc                              0x08003ce1   Thumb Code    14  diskio.o(.text)
    ff_memfree                               0x08003cef   Thumb Code    14  diskio.o(.text)
    clust2sect                               0x08003eb7   Thumb Code    26  ff.o(.text)
    get_fat                                  0x08003ed1   Thumb Code   242  ff.o(.text)
    put_fat                                  0x08003fc3   Thumb Code   322  ff.o(.text)
    dir_sdi                                  0x08004279   Thumb Code   158  ff.o(.text)
    f_mount                                  0x08005303   Thumb Code    86  ff.o(.text)
    f_open                                   0x08005359   Thumb Code   384  ff.o(.text)
    f_read                                   0x080054d9   Thumb Code   450  ff.o(.text)
    f_write                                  0x0800569b   Thumb Code   490  ff.o(.text)
    f_sync                                   0x08005885   Thumb Code   176  ff.o(.text)
    f_close                                  0x08005935   Thumb Code    32  ff.o(.text)
    f_lseek                                  0x08005955   Thumb Code   684  ff.o(.text)
    f_opendir                                0x08005c01   Thumb Code   136  ff.o(.text)
    f_closedir                               0x08005c89   Thumb Code    22  ff.o(.text)
    f_readdir                                0x08005c9f   Thumb Code   114  ff.o(.text)
    f_stat                                   0x08005d11   Thumb Code    84  ff.o(.text)
    f_getfree                                0x08005d65   Thumb Code   258  ff.o(.text)
    f_truncate                               0x08005e67   Thumb Code   184  ff.o(.text)
    f_unlink                                 0x08005f1f   Thumb Code   190  ff.o(.text)
    f_mkdir                                  0x08005fdd   Thumb Code   380  ff.o(.text)
    f_chmod                                  0x08006159   Thumb Code   112  ff.o(.text)
    f_rename                                 0x080061c9   Thumb Code   290  ff.o(.text)
    f_utime                                  0x080062eb   Thumb Code   110  ff.o(.text)
    f_getlabel                               0x08006359   Thumb Code   190  ff.o(.text)
    f_setlabel                               0x08006417   Thumb Code   482  ff.o(.text)
    f_mkfs                                   0x080065f9   Thumb Code  1578  ff.o(.text)
    f_gets                                   0x08006c23   Thumb Code    82  ff.o(.text)
    f_putc                                   0x08006cb9   Thumb Code    64  ff.o(.text)
    f_puts                                   0x08006cf9   Thumb Code    74  ff.o(.text)
    f_printf                                 0x08006d43   Thumb Code   674  ff.o(.text)
    exfuns_init                              0x08006fe5   Thumb Code   114  exfuns.o(.text)
    char_upper                               0x08007057   Thumb Code    26  exfuns.o(.text)
    f_typetell                               0x08007071   Thumb Code   188  exfuns.o(.text)
    exf_getfree                              0x0800712d   Thumb Code    74  exfuns.o(.text)
    ff_convert                               0x0800718d   Thumb Code   116  cc936.o(.text)
    ff_wtoupper                              0x08007201   Thumb Code    46  cc936.o(.text)
    __use_no_semihosting                     0x08007241   Thumb Code     2  use_no_semi_2.o(.text)
    __aeabi_ldivmod                          0x08007243   Thumb Code     0  llsdiv.o(.text)
    _ll_sdiv                                 0x08007243   Thumb Code    72  llsdiv.o(.text)
    __2printf                                0x0800728d   Thumb Code    20  noretval__2printf.o(.text)
    __printf                                 0x080072a5   Thumb Code   104  __printf.o(.text)
    _printf_int_dec                          0x0800730d   Thumb Code   104  _printf_dec.o(.text)
    strcpy                                   0x08007385   Thumb Code    72  strcpy.o(.text)
    __aeabi_memcpy                           0x080073cd   Thumb Code     0  rt_memcpy_v6.o(.text)
    __rt_memcpy                              0x080073cd   Thumb Code   138  rt_memcpy_v6.o(.text)
    _memcpy_lastbytes                        0x08007433   Thumb Code     0  rt_memcpy_v6.o(.text)
    strcmp                                   0x08007459   Thumb Code   128  strcmpv7m.o(.text)
    __use_two_region_memory                  0x080074d9   Thumb Code     2  heapauxi.o(.text)
    __rt_heap_escrow$2region                 0x080074db   Thumb Code     2  heapauxi.o(.text)
    __rt_heap_expand$2region                 0x080074dd   Thumb Code     2  heapauxi.o(.text)
    __I$use$semihosting                      0x080074df   Thumb Code     0  use_no_semi.o(.text)
    __use_no_semihosting_swi                 0x080074df   Thumb Code     2  use_no_semi.o(.text)
    __aeabi_uldivmod                         0x080074e1   Thumb Code     0  lludivv7m.o(.text)
    _ll_udiv                                 0x080074e1   Thumb Code   238  lludivv7m.o(.text)
    _printf_int_common                       0x080075cf   Thumb Code   178  _printf_intcommon.o(.text)
    _printf_char_file                        0x08007681   Thumb Code    32  _printf_char_file.o(.text)
    __aeabi_memcpy4                          0x080076a5   Thumb Code     0  rt_memcpy_w.o(.text)
    __aeabi_memcpy8                          0x080076a5   Thumb Code     0  rt_memcpy_w.o(.text)
    __rt_memcpy_w                            0x080076a5   Thumb Code   100  rt_memcpy_w.o(.text)
    _memcpy_lastbytes_aligned                0x080076ed   Thumb Code     0  rt_memcpy_w.o(.text)
    _printf_char_common                      0x08007713   Thumb Code    32  _printf_char_common.o(.text)
    ferror                                   0x08007739   Thumb Code     8  ferror.o(.text)
    __user_setup_stackheap                   0x08007741   Thumb Code    74  sys_stackheap_outer.o(.text)
    exit                                     0x0800778b   Thumb Code    18  exit.o(.text)
    __user_libspace                          0x0800779d   Thumb Code     8  libspace.o(.text)
    __user_perproc_libspace                  0x0800779d   Thumb Code     0  libspace.o(.text)
    __user_perthread_libspace                0x0800779d   Thumb Code     0  libspace.o(.text)
    memtblsize                               0x080077a4   Data           8  malloc.o(.constdata)
    memblksize                               0x080077ac   Data           8  malloc.o(.constdata)
    memsize                                  0x080077b4   Data           8  malloc.o(.constdata)
    FILE_TYPE_TBL                            0x080077f8   Data         312  exfuns.o(.constdata)
    Region$$Table$$Base                      0x0803265c   Number         0  anon$$obj.o(Region$$Table)
    Region$$Table$$Limit                     0x0803267c   Number         0  anon$$obj.o(Region$$Table)
    res_flash                                0x20000000   Data           1  main.o(.data)
    fnum                                     0x20000004   Data           4  main.o(.data)
    WriteBuffer                              0x20000008   Data          21  main.o(.data)
    SystemCoreClock                          0x20000020   Data           4  system_stm32f10x.o(.data)
    AHBPrescTable                            0x20000024   Data          16  system_stm32f10x.o(.data)
    key0_flag                                0x20000034   Data           1  key.o(.data)
    TransferError                            0x20000042   Data           1  sdio_sdcard.o(.data)
    TransferEnd                              0x20000043   Data           1  sdio_sdcard.o(.data)
    tempbuff                                 0x20000044   Data           4  sdio_sdcard.o(.data)
    write_slow_flag                          0x2000004c   Data           1  usart.o(.data)
    __stdout                                 0x20000050   Data           4  usart.o(.data)
    witch_BUF                                0x20000054   Data           1  usart.o(.data)
    USART_RX_cnt1                            0x20000056   Data           2  usart.o(.data)
    USART_RX_cnt2                            0x20000058   Data           2  usart.o(.data)
    mallco_dev                               0x20000070   Data          28  malloc.o(.data)
    fs                                       0x20000098   Data           8  exfuns.o(.data)
    file                                     0x200000a0   Data           4  exfuns.o(.data)
    ftemp                                    0x200000a4   Data           4  exfuns.o(.data)
    br                                       0x200000a8   Data           4  exfuns.o(.data)
    bw                                       0x200000ac   Data           4  exfuns.o(.data)
    fatbuf                                   0x200000b0   Data           4  exfuns.o(.data)
    fnew                                     0x200000b4   Data         552  main.o(.bss)
    SDIO_InitStructure                       0x200002e0   Data          24  sdio_sdcard.o(.bss)
    SDIO_CmdInitStructure                    0x200002f8   Data          20  sdio_sdcard.o(.bss)
    SDIO_DataInitStructure                   0x2000030c   Data          24  sdio_sdcard.o(.bss)
    SDCardInfo                               0x20000348   Data          88  sdio_sdcard.o(.bss)
    SDIO_DATA_BUFFER                         0x200003a0   Data         512  sdio_sdcard.o(.bss)
    USART_RX_BUF1                            0x200005a0   Data        2048  usart.o(.bss)
    USART_RX_BUF2                            0x20000da0   Data        2048  usart.o(.bss)
    mem1base                                 0x200015a0   Data       40960  malloc.o(.bss)
    mem1mapbase                              0x2000b5a0   Data        2560  malloc.o(.bss)
    __libspace_start                         0x2000bfa0   Data          96  libspace.o(.bss)
    __temporary_stack_top$libspace           0x2000c000   Data           0  libspace.o(.bss)
    mem2base                                 0x68000000   Data       983040  malloc.o(.ARM.__AT_0x68000000)
    mem2mapbase                              0x680f0000   Data       61440  malloc.o(.ARM.__AT_0x680F0000)



==============================================================================

Memory Map of the image

  Image Entry point : 0x08000131

  Load Region LR_IROM1 (Base: 0x08000000, Size: 0x00032730, Max: 0x00080000, ABSOLUTE)

    Execution Region ER_IROM1 (Exec base: 0x08000000, Load base: 0x08000000, Size: 0x0003267c, Max: 0x00080000, ABSOLUTE)

    Exec Addr    Load Addr    Size         Type   Attr      Idx    E Section Name        Object

    0x08000000   0x08000000   0x00000130   Data   RO          343    RESET               startup_stm32f10x_hd.o
    0x08000130   0x08000130   0x00000008   Code   RO          652  * !!!main             c_w.l(__main.o)
    0x08000138   0x08000138   0x00000034   Code   RO          836    !!!scatter          c_w.l(__scatter.o)
    0x0800016c   0x0800016c   0x0000001a   Code   RO          838    !!handler_copy      c_w.l(__scatter_copy.o)
    0x08000186   0x08000186   0x00000002   PAD
    0x08000188   0x08000188   0x0000001c   Code   RO          840    !!handler_zi        c_w.l(__scatter_zi.o)
    0x080001a4   0x080001a4   0x00000000   Code   RO          643    .ARM.Collect$$_printf_percent$$00000000  c_w.l(_printf_percent.o)
    0x080001a4   0x080001a4   0x00000006   Code   RO          642    .ARM.Collect$$_printf_percent$$00000009  c_w.l(_printf_d.o)
    0x080001aa   0x080001aa   0x00000004   Code   RO          665    .ARM.Collect$$_printf_percent$$00000017  c_w.l(_printf_percent_end.o)
    0x080001ae   0x080001ae   0x00000002   Code   RO          706    .ARM.Collect$$libinit$$00000000  c_w.l(libinit.o)
    0x080001b0   0x080001b0   0x00000000   Code   RO          717    .ARM.Collect$$libinit$$00000002  c_w.l(libinit2.o)
    0x080001b0   0x080001b0   0x00000000   Code   RO          719    .ARM.Collect$$libinit$$00000004  c_w.l(libinit2.o)
    0x080001b0   0x080001b0   0x00000000   Code   RO          722    .ARM.Collect$$libinit$$0000000A  c_w.l(libinit2.o)
    0x080001b0   0x080001b0   0x00000000   Code   RO          724    .ARM.Collect$$libinit$$0000000C  c_w.l(libinit2.o)
    0x080001b0   0x080001b0   0x00000000   Code   RO          726    .ARM.Collect$$libinit$$0000000E  c_w.l(libinit2.o)
    0x080001b0   0x080001b0   0x00000000   Code   RO          729    .ARM.Collect$$libinit$$00000011  c_w.l(libinit2.o)
    0x080001b0   0x080001b0   0x00000000   Code   RO          731    .ARM.Collect$$libinit$$00000013  c_w.l(libinit2.o)
    0x080001b0   0x080001b0   0x00000000   Code   RO          733    .ARM.Collect$$libinit$$00000015  c_w.l(libinit2.o)
    0x080001b0   0x080001b0   0x00000000   Code   RO          735    .ARM.Collect$$libinit$$00000017  c_w.l(libinit2.o)
    0x080001b0   0x080001b0   0x00000000   Code   RO          737    .ARM.Collect$$libinit$$00000019  c_w.l(libinit2.o)
    0x080001b0   0x080001b0   0x00000000   Code   RO          739    .ARM.Collect$$libinit$$0000001B  c_w.l(libinit2.o)
    0x080001b0   0x080001b0   0x00000000   Code   RO          741    .ARM.Collect$$libinit$$0000001D  c_w.l(libinit2.o)
    0x080001b0   0x080001b0   0x00000000   Code   RO          743    .ARM.Collect$$libinit$$0000001F  c_w.l(libinit2.o)
    0x080001b0   0x080001b0   0x00000000   Code   RO          745    .ARM.Collect$$libinit$$00000021  c_w.l(libinit2.o)
    0x080001b0   0x080001b0   0x00000000   Code   RO          747    .ARM.Collect$$libinit$$00000023  c_w.l(libinit2.o)
    0x080001b0   0x080001b0   0x00000000   Code   RO          749    .ARM.Collect$$libinit$$00000025  c_w.l(libinit2.o)
    0x080001b0   0x080001b0   0x00000000   Code   RO          753    .ARM.Collect$$libinit$$0000002C  c_w.l(libinit2.o)
    0x080001b0   0x080001b0   0x00000000   Code   RO          755    .ARM.Collect$$libinit$$0000002E  c_w.l(libinit2.o)
    0x080001b0   0x080001b0   0x00000000   Code   RO          757    .ARM.Collect$$libinit$$00000030  c_w.l(libinit2.o)
    0x080001b0   0x080001b0   0x00000000   Code   RO          759    .ARM.Collect$$libinit$$00000032  c_w.l(libinit2.o)
    0x080001b0   0x080001b0   0x00000002   Code   RO          760    .ARM.Collect$$libinit$$00000033  c_w.l(libinit2.o)
    0x080001b2   0x080001b2   0x00000002   Code   RO          788    .ARM.Collect$$libshutdown$$00000000  c_w.l(libshutdown.o)
    0x080001b4   0x080001b4   0x00000000   Code   RO          802    .ARM.Collect$$libshutdown$$00000002  c_w.l(libshutdown2.o)
    0x080001b4   0x080001b4   0x00000000   Code   RO          804    .ARM.Collect$$libshutdown$$00000004  c_w.l(libshutdown2.o)
    0x080001b4   0x080001b4   0x00000000   Code   RO          807    .ARM.Collect$$libshutdown$$00000007  c_w.l(libshutdown2.o)
    0x080001b4   0x080001b4   0x00000000   Code   RO          810    .ARM.Collect$$libshutdown$$0000000A  c_w.l(libshutdown2.o)
    0x080001b4   0x080001b4   0x00000000   Code   RO          812    .ARM.Collect$$libshutdown$$0000000C  c_w.l(libshutdown2.o)
    0x080001b4   0x080001b4   0x00000000   Code   RO          815    .ARM.Collect$$libshutdown$$0000000F  c_w.l(libshutdown2.o)
    0x080001b4   0x080001b4   0x00000002   Code   RO          816    .ARM.Collect$$libshutdown$$00000010  c_w.l(libshutdown2.o)
    0x080001b6   0x080001b6   0x00000000   Code   RO          656    .ARM.Collect$$rtentry$$00000000  c_w.l(__rtentry.o)
    0x080001b6   0x080001b6   0x00000000   Code   RO          669    .ARM.Collect$$rtentry$$00000002  c_w.l(__rtentry2.o)
    0x080001b6   0x080001b6   0x00000006   Code   RO          681    .ARM.Collect$$rtentry$$00000004  c_w.l(__rtentry4.o)
    0x080001bc   0x080001bc   0x00000000   Code   RO          671    .ARM.Collect$$rtentry$$00000009  c_w.l(__rtentry2.o)
    0x080001bc   0x080001bc   0x00000004   Code   RO          672    .ARM.Collect$$rtentry$$0000000A  c_w.l(__rtentry2.o)
    0x080001c0   0x080001c0   0x00000000   Code   RO          674    .ARM.Collect$$rtentry$$0000000C  c_w.l(__rtentry2.o)
    0x080001c0   0x080001c0   0x00000008   Code   RO          675    .ARM.Collect$$rtentry$$0000000D  c_w.l(__rtentry2.o)
    0x080001c8   0x080001c8   0x00000002   Code   RO          710    .ARM.Collect$$rtexit$$00000000  c_w.l(rtexit.o)
    0x080001ca   0x080001ca   0x00000000   Code   RO          762    .ARM.Collect$$rtexit$$00000002  c_w.l(rtexit2.o)
    0x080001ca   0x080001ca   0x00000004   Code   RO          763    .ARM.Collect$$rtexit$$00000003  c_w.l(rtexit2.o)
    0x080001ce   0x080001ce   0x00000006   Code   RO          764    .ARM.Collect$$rtexit$$00000004  c_w.l(rtexit2.o)
    0x080001d4   0x080001d4   0x00000388   Code   RO            1    .text               main.o
    0x0800055c   0x0800055c   0x0000001a   Code   RO          150    .text               stm32f10x_it.o
    0x08000576   0x08000576   0x00000002   PAD
    0x08000578   0x08000578   0x000001e0   Code   RO          191    .text               system_stm32f10x.o
    0x08000758   0x08000758   0x00000048   Code   RO          209    .text               led.o
    0x080007a0   0x080007a0   0x000000b4   Code   RO          221    .text               key.o
    0x08000854   0x08000854   0x00001c30   Code   RO          239    .text               sdio_sdcard.o
    0x08002484   0x08002484   0x00000120   Code   RO          265    .text               exti.o
    0x080025a4   0x080025a4   0x000000d4   Code   RO          277    .text               delay.o
    0x08002678   0x08002678   0x0000000c   Code   RO          292    .text               sys.o
    0x08002684   0x08002684   0x0000018c   Code   RO          308    .text               usart.o
    0x08002810   0x08002810   0x00000040   Code   RO          344    .text               startup_stm32f10x_hd.o
    0x08002850   0x08002850   0x000000dc   Code   RO          348    .text               misc.o
    0x0800292c   0x0800292c   0x0000035c   Code   RO          372    .text               stm32f10x_gpio.o
    0x08002c88   0x08002c88   0x000003a4   Code   RO          384    .text               stm32f10x_rcc.o
    0x0800302c   0x0800302c   0x00000408   Code   RO          398    .text               stm32f10x_usart.o
    0x08003434   0x08003434   0x00000254   Code   RO          422    .text               stm32f10x_dma.o
    0x08003688   0x08003688   0x000001d4   Code   RO          434    .text               stm32f10x_sdio.o
    0x0800385c   0x0800385c   0x0000011c   Code   RO          446    .text               stm32f10x_exti.o
    0x08003978   0x08003978   0x0000022c   Code   RO          458    .text               malloc.o
    0x08003ba4   0x08003ba4   0x0000015c   Code   RO          480    .text               diskio.o
    0x08003d00   0x08003d00   0x000032e4   Code   RO          495    .text               ff.o
    0x08006fe4   0x08006fe4   0x000001a8   Code   RO          516    .text               exfuns.o
    0x0800718c   0x0800718c   0x000000b4   Code   RO          540    .text               cc936.o
    0x08007240   0x08007240   0x00000002   Code   RO          584    .text               c_w.l(use_no_semi_2.o)
    0x08007242   0x08007242   0x00000048   Code   RO          586    .text               c_w.l(llsdiv.o)
    0x0800728a   0x0800728a   0x00000002   PAD
    0x0800728c   0x0800728c   0x00000018   Code   RO          590    .text               c_w.l(noretval__2printf.o)
    0x080072a4   0x080072a4   0x00000068   Code   RO          592    .text               c_w.l(__printf.o)
    0x0800730c   0x0800730c   0x00000078   Code   RO          596    .text               c_w.l(_printf_dec.o)
    0x08007384   0x08007384   0x00000048   Code   RO          644    .text               c_w.l(strcpy.o)
    0x080073cc   0x080073cc   0x0000008a   Code   RO          646    .text               c_w.l(rt_memcpy_v6.o)
    0x08007456   0x08007456   0x00000002   PAD
    0x08007458   0x08007458   0x00000080   Code   RO          648    .text               c_w.l(strcmpv7m.o)
    0x080074d8   0x080074d8   0x00000006   Code   RO          650    .text               c_w.l(heapauxi.o)
    0x080074de   0x080074de   0x00000002   Code   RO          654    .text               c_w.l(use_no_semi.o)
    0x080074e0   0x080074e0   0x000000ee   Code   RO          657    .text               c_w.l(lludivv7m.o)
    0x080075ce   0x080075ce   0x000000b2   Code   RO          659    .text               c_w.l(_printf_intcommon.o)
    0x08007680   0x08007680   0x00000024   Code   RO          663    .text               c_w.l(_printf_char_file.o)
    0x080076a4   0x080076a4   0x00000064   Code   RO          666    .text               c_w.l(rt_memcpy_w.o)
    0x08007708   0x08007708   0x00000030   Code   RO          687    .text               c_w.l(_printf_char_common.o)
    0x08007738   0x08007738   0x00000008   Code   RO          689    .text               c_w.l(ferror.o)
    0x08007740   0x08007740   0x0000004a   Code   RO          693    .text               c_w.l(sys_stackheap_outer.o)
    0x0800778a   0x0800778a   0x00000012   Code   RO          699    .text               c_w.l(exit.o)
    0x0800779c   0x0800779c   0x00000008   Code   RO          707    .text               c_w.l(libspace.o)
    0x080077a4   0x080077a4   0x00000018   Data   RO          462    .constdata          malloc.o
    0x080077bc   0x080077bc   0x0000003a   Data   RO          496    .constdata          ff.o
    0x080077f6   0x080077f6   0x00000002   PAD
    0x080077f8   0x080077f8   0x00000138   Data   RO          518    .constdata          exfuns.o
    0x08007930   0x08007930   0x0002acc8   Data   RO          541    .constdata          cc936.o
    0x080325f8   0x080325f8   0x00000064   Data   RO          519    .conststring        exfuns.o
    0x0803265c   0x0803265c   0x00000020   Data   RO          834    Region$$Table       anon$$obj.o


    Execution Region RW_IRAM1 (Exec base: 0x20000000, Load base: 0x0803267c, Size: 0x0000c600, Max: 0x00010000, ABSOLUTE)

    Exec Addr    Load Addr    Size         Type   Attr      Idx    E Section Name        Object

    0x20000000   0x0803267c   0x0000001d   Data   RW            3    .data               main.o
    0x2000001d   0x08032699   0x00000003   PAD
    0x20000020   0x0803269c   0x00000014   Data   RW          192    .data               system_stm32f10x.o
    0x20000034   0x080326b0   0x00000002   Data   RW          222    .data               key.o
    0x20000036   0x080326b2   0x00000002   PAD
    0x20000038   0x080326b4   0x00000010   Data   RW          241    .data               sdio_sdcard.o
    0x20000048   0x080326c4   0x00000004   Data   RW          278    .data               delay.o
    0x2000004c   0x080326c8   0x0000000e   Data   RW          310    .data               usart.o
    0x2000005a   0x080326d6   0x00000014   Data   RW          385    .data               stm32f10x_rcc.o
    0x2000006e   0x080326ea   0x00000002   PAD
    0x20000070   0x080326ec   0x0000001c   Data   RW          463    .data               malloc.o
    0x2000008c   0x08032708   0x0000000a   Data   RW          497    .data               ff.o
    0x20000096   0x08032712   0x00000002   PAD
    0x20000098   0x08032714   0x0000001c   Data   RW          520    .data               exfuns.o
    0x200000b4        -       0x00000228   Zero   RW            2    .bss                main.o
    0x200002dc   0x08032730   0x00000004   PAD
    0x200002e0        -       0x000002c0   Zero   RW          240    .bss                sdio_sdcard.o
    0x200005a0        -       0x00001000   Zero   RW          309    .bss                usart.o
    0x200015a0        -       0x0000aa00   Zero   RW          461    .bss                malloc.o
    0x2000bfa0        -       0x00000060   Zero   RW          708    .bss                c_w.l(libspace.o)
    0x2000c000        -       0x00000200   Zero   RW          342    HEAP                startup_stm32f10x_hd.o
    0x2000c200        -       0x00000400   Zero   RW          341    STACK               startup_stm32f10x_hd.o



  Load Region LR$$.ARM.__AT_0x68000000 (Base: 0x68000000, Size: 0x00000000, Max: 0x000f0000, ABSOLUTE)

    Execution Region ER$$.ARM.__AT_0x68000000 (Exec base: 0x68000000, Load base: 0x68000000, Size: 0x000f0000, Max: 0x000f0000, ABSOLUTE, UNINIT)

    Exec Addr    Load Addr    Size         Type   Attr      Idx    E Section Name        Object

    0x68000000        -       0x000f0000   Zero   RW          459    .ARM.__AT_0x68000000  malloc.o



  Load Region LR$$.ARM.__AT_0x680F0000 (Base: 0x680f0000, Size: 0x00000000, Max: 0x0000f000, ABSOLUTE)

    Execution Region ER$$.ARM.__AT_0x680F0000 (Exec base: 0x680f0000, Load base: 0x680f0000, Size: 0x0000f000, Max: 0x0000f000, ABSOLUTE, UNINIT)

    Exec Addr    Load Addr    Size         Type   Attr      Idx    E Section Name        Object

    0x680f0000        -       0x0000f000   Zero   RW          460    .ARM.__AT_0x680F0000  malloc.o


==============================================================================

Image component sizes


      Code (inc. data)   RO Data    RW Data    ZI Data      Debug   Object Name

       180         18     175304          0          0       2145   cc936.o
       212         18          0          4          0       1007   delay.o
       348          4          0          0          0       3769   diskio.o
       424         22        412         28          0       2692   exfuns.o
       288         20          0          0          0        883   exti.o
     13028        144         58         10          0      38090   ff.o
       180         14          0          2          0        984   key.o
        72          4          0          0          0        479   led.o
       904        378          0         29        552     258149   main.o
       556         18         24         28    1088000       4624   malloc.o
       220         22          0          0          0       1761   misc.o
      7216        256          0         16        704      24632   sdio_sdcard.o
        64         26        304          0       1536        784   startup_stm32f10x_hd.o
       596          8          0          0          0       4326   stm32f10x_dma.o
       284         10          0          0          0       2219   stm32f10x_exti.o
       860         38          0          0          0       5697   stm32f10x_gpio.o
        26          0          0          0          0       1162   stm32f10x_it.o
       932         36          0         20          0       8860   stm32f10x_rcc.o
       468         22          0          0          0       7084   stm32f10x_sdio.o
      1032         22          0          0          0       8420   stm32f10x_usart.o
        12          0          0          0          0        599   sys.o
       480         38          0         20          0       1683   system_stm32f10x.o
       396         34          0         14       4096       3334   usart.o

    ----------------------------------------------------------------------
     28780       1152     176136        180    1094892     383383   Object Totals
         0          0         32          0          0          0   (incl. Generated)
         2          0          2          9          4          0   (incl. Padding)

    ----------------------------------------------------------------------

      Code (inc. data)   RO Data    RW Data    ZI Data      Debug   Library Member Name

         8          0          0          0          0         68   __main.o
       104          0          0          0          0         84   __printf.o
         0          0          0          0          0          0   __rtentry.o
        12          0          0          0          0          0   __rtentry2.o
         6          0          0          0          0          0   __rtentry4.o
        52          8          0          0          0          0   __scatter.o
        26          0          0          0          0          0   __scatter_copy.o
        28          0          0          0          0          0   __scatter_zi.o
        48          6          0          0          0         96   _printf_char_common.o
        36          4          0          0          0         80   _printf_char_file.o
         6          0          0          0          0          0   _printf_d.o
       120         16          0          0          0         92   _printf_dec.o
       178          0          0          0          0         88   _printf_intcommon.o
         0          0          0          0          0          0   _printf_percent.o
         4          0          0          0          0          0   _printf_percent_end.o
        18          0          0          0          0         80   exit.o
         8          0          0          0          0         68   ferror.o
         6          0          0          0          0        152   heapauxi.o
         2          0          0          0          0          0   libinit.o
         2          0          0          0          0          0   libinit2.o
         2          0          0          0          0          0   libshutdown.o
         2          0          0          0          0          0   libshutdown2.o
         8          4          0          0         96         68   libspace.o
        72          0          0          0          0         76   llsdiv.o
       238          0          0          0          0        100   lludivv7m.o
        24          4          0          0          0         84   noretval__2printf.o
       138          0          0          0          0         68   rt_memcpy_v6.o
       100          0          0          0          0         80   rt_memcpy_w.o
         2          0          0          0          0          0   rtexit.o
        10          0          0          0          0          0   rtexit2.o
       128          0          0          0          0         68   strcmpv7m.o
        72          0          0          0          0         80   strcpy.o
        74          0          0          0          0         80   sys_stackheap_outer.o
         2          0          0          0          0         68   use_no_semi.o
         2          0          0          0          0         68   use_no_semi_2.o

    ----------------------------------------------------------------------
      1544         42          0          0         96       1648   Library Totals
         6          0          0          0          0          0   (incl. Padding)

    ----------------------------------------------------------------------

      Code (inc. data)   RO Data    RW Data    ZI Data      Debug   Library Name

      1538         42          0          0         96       1648   c_w.l

    ----------------------------------------------------------------------
      1544         42          0          0         96       1648   Library Totals

    ----------------------------------------------------------------------

==============================================================================


      Code (inc. data)   RO Data    RW Data    ZI Data      Debug   

     30324       1194     176136        180    1094988     382219   Grand Totals
     30324       1194     176136        180    1094988     382219   ELF Image Totals
     30324       1194     176136        180          0          0   ROM Totals

==============================================================================

    Total RO  Size (Code + RO Data)               206460 ( 201.62kB)
    Total RW  Size (RW Data + ZI Data)           1095168 (1069.50kB)
    Total ROM Size (Code + RO Data + RW Data)     206640 ( 201.80kB)

==============================================================================

